Component: ARM Compiler 5.06 update 6 (build 750) Tool: armlink [4d35ed]

==============================================================================

Section Cross References

    startup_stm32f103xb.o(STACK) refers (Special) to heapauxi.o(.text) for __use_two_region_memory
    startup_stm32f103xb.o(HEAP) refers (Special) to heapauxi.o(.text) for __use_two_region_memory
    startup_stm32f103xb.o(RESET) refers (Special) to heapauxi.o(.text) for __use_two_region_memory
    startup_stm32f103xb.o(RESET) refers to startup_stm32f103xb.o(STACK) for __initial_sp
    startup_stm32f103xb.o(RESET) refers to startup_stm32f103xb.o(.text) for Reset_Handler
    startup_stm32f103xb.o(RESET) refers to stm32f1xx_it.o(i.NMI_Handler) for NMI_Handler
    startup_stm32f103xb.o(RESET) refers to stm32f1xx_it.o(i.HardFault_Handler) for HardFault_Handler
    startup_stm32f103xb.o(RESET) refers to stm32f1xx_it.o(i.MemManage_Handler) for MemManage_Handler
    startup_stm32f103xb.o(RESET) refers to stm32f1xx_it.o(i.BusFault_Handler) for BusFault_Handler
    startup_stm32f103xb.o(RESET) refers to stm32f1xx_it.o(i.UsageFault_Handler) for UsageFault_Handler
    startup_stm32f103xb.o(RESET) refers to stm32f1xx_it.o(i.SVC_Handler) for SVC_Handler
    startup_stm32f103xb.o(RESET) refers to stm32f1xx_it.o(i.DebugMon_Handler) for DebugMon_Handler
    startup_stm32f103xb.o(RESET) refers to stm32f1xx_it.o(i.PendSV_Handler) for PendSV_Handler
    startup_stm32f103xb.o(RESET) refers to stm32f1xx_it.o(i.SysTick_Handler) for SysTick_Handler
    startup_stm32f103xb.o(.text) refers (Special) to heapauxi.o(.text) for __use_two_region_memory
    startup_stm32f103xb.o(.text) refers to system_stm32f1xx.o(i.SystemInit) for SystemInit
    startup_stm32f103xb.o(.text) refers to __main.o(!!!main) for __main
    startup_stm32f103xb.o(.text) refers to startup_stm32f103xb.o(HEAP) for Heap_Mem
    startup_stm32f103xb.o(.text) refers to startup_stm32f103xb.o(STACK) for Stack_Mem
    main.o(i.LCD_Handle) refers to main.o(i.lcd_state_idol) for lcd_state_idol
    main.o(i.LCD_Handle) refers to main.o(i.lcd_set_second) for lcd_set_second
    main.o(i.LCD_Handle) refers to main.o(i.lcd_set_minus) for lcd_set_minus
    main.o(i.LCD_Handle) refers to main.o(i.lcd_set_hour) for lcd_set_hour
    main.o(i.LCD_Handle) refers to main.o(i.lcd_set_date) for lcd_set_date
    main.o(i.LCD_Handle) refers to main.o(i.lcd_set_month) for lcd_set_month
    main.o(i.LCD_Handle) refers to main.o(i.lcd_set_year) for lcd_set_year
    main.o(i.LCD_Handle) refers to main.o(i.lcd_complete) for lcd_complete
    main.o(i.LCD_Handle) refers to main.o(.data) for .data
    main.o(i.MX_GPIO_Init) refers to stm32f1xx_hal_gpio.o(i.HAL_GPIO_Init) for HAL_GPIO_Init
    main.o(i.SystemClock_Config) refers to rt_memclr_w.o(.text) for __aeabi_memclr4
    main.o(i.SystemClock_Config) refers to stm32f1xx_hal_rcc.o(i.HAL_RCC_OscConfig) for HAL_RCC_OscConfig
    main.o(i.SystemClock_Config) refers to stm32f1xx_hal_rcc.o(i.HAL_RCC_ClockConfig) for HAL_RCC_ClockConfig
    main.o(i.btn_press_timeout_callback) refers to main.o(.bss) for .bss
    main.o(i.btn_press_timeout_callback) refers to main.o(.data) for .data
    main.o(i.btn_pressing_callback) refers to main.o(.bss) for .bss
    main.o(i.btn_pressing_callback) refers to main.o(.data) for .data
    main.o(i.lcd_complete) refers to rtc_ds3231.o(i.RTC_WriteTime) for RTC_WriteTime
    main.o(i.lcd_complete) refers to liquidcrystal_i2c.o(i.lcd_set_cursor) for lcd_set_cursor
    main.o(i.lcd_complete) refers to liquidcrystal_i2c.o(i.lcd_printf) for lcd_printf
    main.o(i.lcd_complete) refers to main.o(.data) for .data
    main.o(i.lcd_complete) refers to main.o(.bss) for .bss
    main.o(i.lcd_set_date) refers to liquidcrystal_i2c.o(i.lcd_set_cursor) for lcd_set_cursor
    main.o(i.lcd_set_date) refers to liquidcrystal_i2c.o(i.lcd_printf) for lcd_printf
    main.o(i.lcd_set_date) refers to main.o(.data) for .data
    main.o(i.lcd_set_date) refers to main.o(.bss) for .bss
    main.o(i.lcd_set_hour) refers to liquidcrystal_i2c.o(i.lcd_set_cursor) for lcd_set_cursor
    main.o(i.lcd_set_hour) refers to liquidcrystal_i2c.o(i.lcd_printf) for lcd_printf
    main.o(i.lcd_set_hour) refers to main.o(.data) for .data
    main.o(i.lcd_set_hour) refers to main.o(.bss) for .bss
    main.o(i.lcd_set_minus) refers to liquidcrystal_i2c.o(i.lcd_set_cursor) for lcd_set_cursor
    main.o(i.lcd_set_minus) refers to liquidcrystal_i2c.o(i.lcd_printf) for lcd_printf
    main.o(i.lcd_set_minus) refers to main.o(.data) for .data
    main.o(i.lcd_set_minus) refers to main.o(.bss) for .bss
    main.o(i.lcd_set_month) refers to liquidcrystal_i2c.o(i.lcd_set_cursor) for lcd_set_cursor
    main.o(i.lcd_set_month) refers to liquidcrystal_i2c.o(i.lcd_printf) for lcd_printf
    main.o(i.lcd_set_month) refers to main.o(.data) for .data
    main.o(i.lcd_set_month) refers to main.o(.bss) for .bss
    main.o(i.lcd_set_second) refers to liquidcrystal_i2c.o(i.lcd_set_cursor) for lcd_set_cursor
[...]
    ..\LCD\LiquidCrystal_I2C.c               0x00000000   Number         0  liquidcrystal_i2c.o ABSOLUTE
    ..\RTC_Lib\RTC_DS3231.c                  0x00000000   Number         0  rtc_ds3231.o ABSOLUTE
    ..\\ButtonLibrary\\button.c              0x00000000   Number         0  button.o ABSOLUTE
    ..\\LCD\\LiquidCrystal_I2C.c             0x00000000   Number         0  liquidcrystal_i2c.o ABSOLUTE
    ..\\RTC_Lib\\RTC_DS3231.c                0x00000000   Number         0  rtc_ds3231.o ABSOLUTE
    dc.s                                     0x00000000   Number         0  dc.o ABSOLUTE
    startup_stm32f103xb.s                    0x00000000   Number         0  startup_stm32f103xb.o ABSOLUTE
    RESET                                    0x08000000   Section      236  startup_stm32f103xb.o(RESET)
    !!!main                                  0x080000ec   Section        8  __main.o(!!!main)
    !!!scatter                               0x080000f4   Section       52  __scatter.o(!!!scatter)
    !!handler_copy                           0x08000128   Section       26  __scatter_copy.o(!!handler_copy)
    !!handler_zi                             0x08000144   Section       28  __scatter_zi.o(!!handler_zi)
    .ARM.Collect$$_printf_percent$$00000000  0x08000160   Section        0  _printf_percent.o(.ARM.Collect$$_printf_percent$$00000000)
    .ARM.Collect$$_printf_percent$$00000001  0x08000160   Section        6  _printf_n.o(.ARM.Collect$$_printf_percent$$00000001)
    .ARM.Collect$$_printf_percent$$00000002  0x08000166   Section        6  _printf_p.o(.ARM.Collect$$_printf_percent$$00000002)
    .ARM.Collect$$_printf_percent$$00000003  0x0800016c   Section        6  _printf_f.o(.ARM.Collect$$_printf_percent$$00000003)
    .ARM.Collect$$_printf_percent$$00000004  0x08000172   Section        6  _printf_e.o(.ARM.Collect$$_printf_percent$$00000004)
    .ARM.Collect$$_printf_percent$$00000005  0x08000178   Section        6  _printf_g.o(.ARM.Collect$$_printf_percent$$00000005)
    .ARM.Collect$$_printf_percent$$00000006  0x0800017e   Section        6  _printf_a.o(.ARM.Collect$$_printf_percent$$00000006)
    .ARM.Collect$$_printf_percent$$00000007  0x08000184   Section       10  _printf_ll.o(.ARM.Collect$$_printf_percent$$00000007)
    .ARM.Collect$$_printf_percent$$00000008  0x0800018e   Section        6  _printf_i.o(.ARM.Collect$$_printf_percent$$00000008)
    .ARM.Collect$$_printf_percent$$00000009  0x08000194   Section        6  _printf_d.o(.ARM.Collect$$_printf_percent$$00000009)
    .ARM.Collect$$_printf_percent$$0000000A  0x0800019a   Section        6  _printf_u.o(.ARM.Collect$$_printf_percent$$0000000A)
    .ARM.Collect$$_printf_percent$$0000000B  0x080001a0   Section        6  _printf_o.o(.ARM.Collect$$_printf_percent$$0000000B)
    .ARM.Collect$$_printf_percent$$0000000C  0x080001a6   Section        6  _printf_x.o(.ARM.Collect$$_printf_percent$$0000000C)
    .ARM.Collect$$_printf_percent$$0000000D  0x080001ac   Section        6  _printf_lli.o(.ARM.Collect$$_printf_percent$$0000000D)
    .ARM.Collect$$_printf_percent$$0000000E  0x080001b2   Section        6  _printf_lld.o(.ARM.Collect$$_printf_percent$$0000000E)
    .ARM.Collect$$_printf_percent$$0000000F  0x080001b8   Section        6  _printf_llu.o(.ARM.Collect$$_printf_percent$$0000000F)
    .ARM.Collect$$_printf_percent$$00000010  0x080001be   Section        6  _printf_llo.o(.ARM.Collect$$_printf_percent$$00000010)
    .ARM.Collect$$_printf_percent$$00000011  0x080001c4   Section        6  _printf_llx.o(.ARM.Collect$$_printf_percent$$00000011)
    .ARM.Collect$$_printf_percent$$00000012  0x080001ca   Section       10  _printf_l.o(.ARM.Collect$$_printf_percent$$00000012)
    .ARM.Collect$$_printf_percent$$00000013  0x080001d4   Section        6  _printf_c.o(.ARM.Collect$$_printf_percent$$00000013)
    .ARM.Collect$$_printf_percent$$00000014  0x080001da   Section        6  _printf_s.o(.ARM.Collect$$_printf_percent$$00000014)
    .ARM.Collect$$_printf_percent$$00000015  0x080001e0   Section        6  _printf_lc.o(.ARM.Collect$$_printf_percent$$00000015)
    .ARM.Collect$$_printf_percent$$00000016  0x080001e6   Section        6  _printf_ls.o(.ARM.Collect$$_printf_percent$$00000016)
    .ARM.Collect$$_printf_percent$$00000017  0x080001ec   Section        4  _printf_percent_end.o(.ARM.Collect$$_printf_percent$$00000017)
    .ARM.Collect$$libinit$$00000000          0x080001f0   Section        2  libinit.o(.ARM.Collect$$libinit$$00000000)
    .ARM.Collect$$libinit$$00000002          0x080001f2   Section        0  libinit2.o(.ARM.Collect$$libinit$$00000002)
    .ARM.Collect$$libinit$$00000004          0x080001f2   Section        0  libinit2.o(.ARM.Collect$$libinit$$00000004)
    .ARM.Collect$$libinit$$0000000A          0x080001f2   Section        0  libinit2.o(.ARM.Collect$$libinit$$0000000A)
    .ARM.Collect$$libinit$$0000000C          0x080001f2   Section        0  libinit2.o(.ARM.Collect$$libinit$$0000000C)
    .ARM.Collect$$libinit$$0000000E          0x080001f2   Section        0  libinit2.o(.ARM.Collect$$libinit$$0000000E)
    .ARM.Collect$$libinit$$0000000F          0x080001f2   Section        6  libinit2.o(.ARM.Collect$$libinit$$0000000F)
    .ARM.Collect$$libinit$$00000011          0x080001f8   Section        0  libinit2.o(.ARM.Collect$$libinit$$00000011)
    .ARM.Collect$$libinit$$00000012          0x080001f8   Section       12  libinit2.o(.ARM.Collect$$libinit$$00000012)
    .ARM.Collect$$libinit$$00000013          0x08000204   Section        0  libinit2.o(.ARM.Collect$$libinit$$00000013)
    .ARM.Collect$$libinit$$00000015          0x08000204   Section        0  libinit2.o(.ARM.Collect$$libinit$$00000015)
    .ARM.Collect$$libinit$$00000016          0x08000204   Section       10  libinit2.o(.ARM.Collect$$libinit$$00000016)
    .ARM.Collect$$libinit$$00000017          0x0800020e   Section        0  libinit2.o(.ARM.Collect$$libinit$$00000017)
    .ARM.Collect$$libinit$$00000019          0x0800020e   Section        0  libinit2.o(.ARM.Collect$$libinit$$00000019)
    .ARM.Collect$$libinit$$0000001B          0x0800020e   Section        0  libinit2.o(.ARM.Collect$$libinit$$0000001B)
    .ARM.Collect$$libinit$$0000001D          0x0800020e   Section        0  libinit2.o(.ARM.Collect$$libinit$$0000001D)
    .ARM.Collect$$libinit$$0000001F          0x0800020e   Section        0  libinit2.o(.ARM.Collect$$libinit$$0000001F)
    .ARM.Collect$$libinit$$00000021          0x0800020e   Section        0  libinit2.o(.ARM.Collect$$libinit$$00000021)
    .ARM.Collect$$libinit$$00000023          0x0800020e   Section        0  libinit2.o(.ARM.Collect$$libinit$$00000023)
    .ARM.Collect$$libinit$$00000025          0x0800020e   Section        0  libinit2.o(.ARM.Collect$$libinit$$00000025)
    .ARM.Collect$$libinit$$0000002C          0x0800020e   Section        0  libinit2.o(.ARM.Collect$$libinit$$0000002C)
    .ARM.Collect$$libinit$$0000002E          0x0800020e   Section        0  libinit2.o(.ARM.Collect$$libinit$$0000002E)
    .ARM.Collect$$libinit$$00000030          0x0800020e   Section        0  libinit2.o(.ARM.Collect$$libinit$$00000030)
    .ARM.Collect$$libinit$$00000032          0x0800020e   Section        0  libinit2.o(.ARM.Collect$$libinit$$00000032)
    .ARM.Collect$$libinit$$00000033          0x0800020e   Section        2  libinit2.o(.ARM.Collect$$libinit$$00000033)
    .ARM.Collect$$libshutdown$$00000000      0x08000210   Section        2  libshutdown.o(.ARM.Collect$$libshutdown$$00000000)
    .ARM.Collect$$libshutdown$$00000002      0x08000212   Section        0  libshutdown2.o(.ARM.Collect$$libshutdown$$00000002)
    .ARM.Collect$$libshutdown$$00000004      0x08000212   Section        0  libshutdown2.o(.ARM.Collect$$libshutdown$$00000004)
    .ARM.Collect$$libshutdown$$00000007      0x08000212   Section        0  libshutdown2.o(.ARM.Collect$$libshutdown$$00000007)
    .ARM.Collect$$libshutdown$$0000000A      0x08000212   Section        0  libshutdown2.o(.ARM.Collect$$libshutdown$$0000000A)
    .ARM.Collect$$libshutdown$$0000000C      0x08000212   Section        0  libshutdown2.o(.ARM.Collect$$libshutdown$$0000000C)
    .ARM.Collect$$libshutdown$$0000000F      0x08000212   Section        0  libshutdown2.o(.ARM.Collect$$libshutdown$$0000000F)
    .ARM.Collect$$libshutdown$$00000010      0x08000212   Section        2  libshutdown2.o(.ARM.Collect$$libshutdown$$00000010)
    .ARM.Collect$$rtentry$$00000000          0x08000214   Section        0  __rtentry.o(.ARM.Collect$$rtentry$$00000000)
    .ARM.Collect$$rtentry$$00000002          0x08000214   Section        0  __rtentry2.o(.ARM.Collect$$rtentry$$00000002)
    .ARM.Collect$$rtentry$$00000004          0x08000214   Section        6  __rtentry4.o(.ARM.Collect$$rtentry$$00000004)
    .ARM.Collect$$rtentry$$00000009          0x0800021a   Section        0  __rtentry2.o(.ARM.Collect$$rtentry$$00000009)
    .ARM.Collect$$rtentry$$0000000A          0x0800021a   Section        4  __rtentry2.o(.ARM.Collect$$rtentry$$0000000A)
    .ARM.Collect$$rtentry$$0000000C          0x0800021e   Section        0  __rtentry2.o(.ARM.Collect$$rtentry$$0000000C)
    .ARM.Collect$$rtentry$$0000000D          0x0800021e   Section        8  __rtentry2.o(.ARM.Collect$$rtentry$$0000000D)
    .ARM.Collect$$rtexit$$00000000           0x08000226   Section        2  rtexit.o(.ARM.Collect$$rtexit$$00000000)
    .ARM.Collect$$rtexit$$00000002           0x08000228   Section        0  rtexit2.o(.ARM.Collect$$rtexit$$00000002)
    .ARM.Collect$$rtexit$$00000003           0x08000228   Section        4  rtexit2.o(.ARM.Collect$$rtexit$$00000003)
    .ARM.Collect$$rtexit$$00000004           0x0800022c   Section        6  rtexit2.o(.ARM.Collect$$rtexit$$00000004)
    .text                                    0x08000234   Section       64  startup_stm32f103xb.o(.text)
    .text                                    0x08000274   Section        0  vsprintf.o(.text)
    .text                                    0x08000298   Section        0  strlen.o(.text)
    .text                                    0x080002d6   Section       78  rt_memclr_w.o(.text)
    .text                                    0x08000324   Section        0  heapauxi.o(.text)
    .text                                    0x0800032a   Section        0  _printf_pad.o(.text)
    .text                                    0x08000378   Section        0  _printf_truncate.o(.text)
    .text                                    0x0800039c   Section        0  _printf_str.o(.text)
    .text                                    0x080003f0   Section        0  _printf_dec.o(.text)
    .text                                    0x08000468   Section        0  _printf_charcount.o(.text)
    .text                                    0x08000490   Section        0  _printf_char_common.o(.text)
    _printf_input_char                       0x08000491   Thumb Code    10  _printf_char_common.o(.text)
    .text                                    0x080004c0   Section        0  _sputc.o(.text)
    .text                                    0x080004cc   Section        0  _printf_wctomb.o(.text)
    .text                                    0x08000588   Section        0  _printf_longlong_dec.o(.text)
    .text                                    0x08000604   Section        0  _printf_oct_int_ll.o(.text)
    _printf_longlong_oct_internal            0x08000605   Thumb Code     0  _printf_oct_int_ll.o(.text)
    .text                                    0x08000674   Section        0  _printf_hex_int_ll_ptr.o(.text)
    _printf_hex_common                       0x08000675   Thumb Code     0  _printf_hex_int_ll_ptr.o(.text)
    .text                                    0x08000708   Section        0  __printf_flags_ss_wp.o(.text)
    .text                                    0x08000890   Section      138  lludiv10.o(.text)
    .text                                    0x0800091a   Section        0  _printf_intcommon.o(.text)
    .text                                    0x080009cc   Section        0  _printf_fp_dec.o(.text)
    _fp_digits                               0x080009cf   Thumb Code   432  _printf_fp_dec.o(.text)
    .text                                    0x08000dec   Section        0  _printf_fp_hex.o(.text)
    .text                                    0x080010e8   Section        0  _printf_char.o(.text)
    .text                                    0x08001114   Section        0  _printf_wchar.o(.text)
    .text                                    0x08001140   Section        0  _wcrtomb.o(.text)
    .text                                    0x08001180   Section       74  sys_stackheap_outer.o(.text)
    .text                                    0x080011cc   Section       16  rt_ctype_table.o(.text)
    .text                                    0x080011dc   Section        8  rt_locale_intlibspace.o(.text)
    .text                                    0x080011e4   Section        0  _printf_fp_infnan.o(.text)
    .text                                    0x08001264   Section        0  bigflt0.o(.text)
    .text                                    0x08001348   Section        0  exit.o(.text)
    .text                                    0x0800135c   Section        8  libspace.o(.text)
    .text                                    0x08001364   Section      128  strcmpv7m.o(.text)
    .text                                    0x080013e4   Section        0  sys_exit.o(.text)
    .text                                    0x080013f0   Section        2  use_no_semi.o(.text)
    .text                                    0x080013f2   Section        0  indicate_semi.o(.text)
    CL$$btod_d2e                             0x080013f2   Section       62  btod.o(CL$$btod_d2e)
    CL$$btod_d2e_denorm_low                  0x08001430   Section       70  btod.o(CL$$btod_d2e_denorm_low)
    CL$$btod_d2e_norm_op1                    0x08001476   Section       96  btod.o(CL$$btod_d2e_norm_op1)
    CL$$btod_div_common                      0x080014d6   Section      824  btod.o(CL$$btod_div_common)
    CL$$btod_e2e                             0x0800180e   Section      220  btod.o(CL$$btod_e2e)
    CL$$btod_ediv                            0x080018ea   Section       42  btod.o(CL$$btod_ediv)
    CL$$btod_emul                            0x08001914   Section       42  btod.o(CL$$btod_emul)
    CL$$btod_mult_common                     0x0800193e   Section      580  btod.o(CL$$btod_mult_common)
    i.BCD2Decimal                            0x08001b82   Section        0  rtc_ds3231.o(i.BCD2Decimal)
    i.BusFault_Handler                       0x08001b94   Section        0  stm32f1xx_it.o(i.BusFault_Handler)
    i.DebugMon_Handler                       0x08001b96   Section        0  stm32f1xx_it.o(i.DebugMon_Handler)
    i.Decimal2BCD                            0x08001b98   Section        0  rtc_ds3231.o(i.Decimal2BCD)
    i.HAL_Delay                              0x08001bb0   Section        0  stm32f1xx_hal.o(i.HAL_Delay)
    i.HAL_GPIO_Init                          0x08001bd4   Section        0  stm32f1xx_hal_gpio.o(i.HAL_GPIO_Init)
    i.HAL_GPIO_ReadPin                       0x08001db4   Section        0  stm32f1xx_hal_gpio.o(i.HAL_GPIO_ReadPin)
    i.HAL_GetTick                            0x08001dc0   Section        0  stm32f1xx_hal.o(i.HAL_GetTick)
    i.HAL_I2C_Init                           0x08001dcc   Section        0  stm32f1xx_hal_i2c.o(i.HAL_I2C_Init)
    i.HAL_I2C_Master_Receive                 0x08001f54   Section        0  stm32f1xx_hal_i2c.o(i.HAL_I2C_Master_Receive)
    i.HAL_I2C_Master_Transmit                0x080021a4   Section        0  stm32f1xx_hal_i2c.o(i.HAL_I2C_Master_Transmit)
    i.HAL_I2C_MspInit                        0x080022d0   Section        0  stm32f1xx_hal_msp.o(i.HAL_I2C_MspInit)
    i.HAL_IncTick                            0x0800232c   Section        0  stm32f1xx_hal.o(i.HAL_IncTick)
    i.HAL_Init                               0x0800233c   Section        0  stm32f1xx_hal.o(i.HAL_Init)
    i.HAL_InitTick                           0x08002360   Section        0  stm32f1xx_hal.o(i.HAL_InitTick)
    i.HAL_MspInit                            0x080023a0   Section        0  stm32f1xx_hal_msp.o(i.HAL_MspInit)
    i.HAL_NVIC_SetPriority                   0x080023dc   Section        0  stm32f1xx_hal_cortex.o(i.HAL_NVIC_SetPriority)
    i.HAL_NVIC_SetPriorityGrouping           0x0800241c   Section        0  stm32f1xx_hal_cortex.o(i.HAL_NVIC_SetPriorityGrouping)
    i.HAL_RCC_ClockConfig                    0x08002440   Section        0  stm32f1xx_hal_rcc.o(i.HAL_RCC_ClockConfig)
    i.HAL_RCC_GetPCLK1Freq                   0x0800256c   Section        0  stm32f1xx_hal_rcc.o(i.HAL_RCC_GetPCLK1Freq)
    i.HAL_RCC_GetSysClockFreq                0x0800258c   Section        0  stm32f1xx_hal_rcc.o(i.HAL_RCC_GetSysClockFreq)
    i.HAL_RCC_OscConfig                      0x080025d8   Section        0  stm32f1xx_hal_rcc.o(i.HAL_RCC_OscConfig)
    i.HAL_SYSTICK_Config                     0x080028f8   Section        0  stm32f1xx_hal_cortex.o(i.HAL_SYSTICK_Config)
    i.HardFault_Handler                      0x08002920   Section        0  stm32f1xx_it.o(i.HardFault_Handler)
    i.I2C_IsAcknowledgeFailed                0x08002922   Section        0  stm32f1xx_hal_i2c.o(i.I2C_IsAcknowledgeFailed)
    I2C_IsAcknowledgeFailed                  0x08002923   Thumb Code    46  stm32f1xx_hal_i2c.o(i.I2C_IsAcknowledgeFailed)
    i.I2C_MasterRequestRead                  0x08002950   Section        0  stm32f1xx_hal_i2c.o(i.I2C_MasterRequestRead)
    I2C_MasterRequestRead                    0x08002951   Thumb Code   230  stm32f1xx_hal_i2c.o(i.I2C_MasterRequestRead)
    i.I2C_MasterRequestWrite                 0x08002a3c   Section        0  stm32f1xx_hal_i2c.o(i.I2C_MasterRequestWrite)
    I2C_MasterRequestWrite                   0x08002a3d   Thumb Code   150  stm32f1xx_hal_i2c.o(i.I2C_MasterRequestWrite)
    i.I2C_WaitOnBTFFlagUntilTimeout          0x08002ad8   Section        0  stm32f1xx_hal_i2c.o(i.I2C_WaitOnBTFFlagUntilTimeout)
    I2C_WaitOnBTFFlagUntilTimeout            0x08002ad9   Thumb Code    86  stm32f1xx_hal_i2c.o(i.I2C_WaitOnBTFFlagUntilTimeout)
    i.I2C_WaitOnFlagUntilTimeout             0x08002b30   Section        0  stm32f1xx_hal_i2c.o(i.I2C_WaitOnFlagUntilTimeout)
    I2C_WaitOnFlagUntilTimeout               0x08002b31   Thumb Code   144  stm32f1xx_hal_i2c.o(i.I2C_WaitOnFlagUntilTimeout)
    i.I2C_WaitOnMasterAddressFlagUntilTimeout 0x08002bc0   Section        0  stm32f1xx_hal_i2c.o(i.I2C_WaitOnMasterAddressFlagUntilTimeout)
    I2C_WaitOnMasterAddressFlagUntilTimeout  0x08002bc1   Thumb Code   188  stm32f1xx_hal_i2c.o(i.I2C_WaitOnMasterAddressFlagUntilTimeout)
    i.I2C_WaitOnRXNEFlagUntilTimeout         0x08002c7c   Section        0  stm32f1xx_hal_i2c.o(i.I2C_WaitOnRXNEFlagUntilTimeout)
    I2C_WaitOnRXNEFlagUntilTimeout           0x08002c7d   Thumb Code   112  stm32f1xx_hal_i2c.o(i.I2C_WaitOnRXNEFlagUntilTimeout)
    i.I2C_WaitOnTXEFlagUntilTimeout          0x08002cec   Section        0  stm32f1xx_hal_i2c.o(i.I2C_WaitOnTXEFlagUntilTimeout)
    I2C_WaitOnTXEFlagUntilTimeout            0x08002ced   Thumb Code    86  stm32f1xx_hal_i2c.o(i.I2C_WaitOnTXEFlagUntilTimeout)
    i.LCD_Handle                             0x08002d44   Section        0  main.o(i.LCD_Handle)
    i.MX_GPIO_Init                           0x08002d80   Section        0  main.o(i.MX_GPIO_Init)
    MX_GPIO_Init                             0x08002d81   Thumb Code    80  main.o(i.MX_GPIO_Init)
    i.MemManage_Handler                      0x08002dd8   Section        0  stm32f1xx_it.o(i.MemManage_Handler)
    i.NMI_Handler                            0x08002dda   Section        0  stm32f1xx_it.o(i.NMI_Handler)
    i.PendSV_Handler                         0x08002ddc   Section        0  stm32f1xx_it.o(i.PendSV_Handler)
    i.RTC_Init                               0x08002dde   Section        0  rtc_ds3231.o(i.RTC_Init)
    i.RTC_ReadTime                           0x08002de2   Section        0  rtc_ds3231.o(i.RTC_ReadTime)
    i.RTC_WriteTime                          0x08002e54   Section        0  rtc_ds3231.o(i.RTC_WriteTime)
    i.SVC_Handler                            0x08002eb8   Section        0  stm32f1xx_it.o(i.SVC_Handler)
    i.SysTick_Handler                        0x08002eba   Section        0  stm32f1xx_it.o(i.SysTick_Handler)
    i.SystemClock_Config                     0x08002ebe   Section        0  main.o(i.SystemClock_Config)
    i.SystemInit                             0x08002f1c   Section        0  system_stm32f1xx.o(i.SystemInit)
    i.UsageFault_Handler                     0x08002f1e   Section        0  stm32f1xx_it.o(i.UsageFault_Handler)
    i.__ARM_fpclassify                       0x08002f20   Section        0  fpclassify.o(i.__ARM_fpclassify)
    i.__NVIC_SetPriority                     0x08002f48   Section        0  stm32f1xx_hal_cortex.o(i.__NVIC_SetPriority)
    __NVIC_SetPriority                       0x08002f49   Thumb Code    32  stm32f1xx_hal_cortex.o(i.__NVIC_SetPriority)
    i._is_digit                              0x08002f68   Section        0  __printf_wp.o(i._is_digit)
    i.btn_press_short_callback               0x08002f76   Section        0  button.o(i.btn_press_short_callback)
    i.btn_press_timeout_callback             0x08002f78   Section        0  main.o(i.btn_press_timeout_callback)
    i.btn_pressing_callback                  0x08002f90   Section        0  main.o(i.btn_pressing_callback)
    i.btn_release_callback                   0x08002ff4   Section        0  button.o(i.btn_release_callback)
    i.button_handle                          0x08002ff6   Section        0  button.o(i.button_handle)
    i.button_init                            0x08003086   Section        0  button.o(i.button_init)
    i.lcd_complete                           0x0800308c   Section        0  main.o(i.lcd_complete)
    i.lcd_init                               0x080030f8   Section        0  liquidcrystal_i2c.o(i.lcd_init)
    i.lcd_printf                             0x0800315e   Section        0  liquidcrystal_i2c.o(i.lcd_printf)
    i.lcd_send_cmd                           0x08003198   Section        0  liquidcrystal_i2c.o(i.lcd_send_cmd)
    lcd_send_cmd                             0x08003199   Thumb Code    64  liquidcrystal_i2c.o(i.lcd_send_cmd)
    i.lcd_send_data                          0x080031d8   Section        0  liquidcrystal_i2c.o(i.lcd_send_data)
    lcd_send_data                            0x080031d9   Thumb Code    72  liquidcrystal_i2c.o(i.lcd_send_data)
    i.lcd_set_cursor                         0x08003220   Section        0  liquidcrystal_i2c.o(i.lcd_set_cursor)
    i.lcd_set_cursor_blink_off               0x08003240   Section        0  liquidcrystal_i2c.o(i.lcd_set_cursor_blink_off)
    i.lcd_set_date                           0x08003250   Section        0  main.o(i.lcd_set_date)
    i.lcd_set_hour                           0x080032d8   Section        0  main.o(i.lcd_set_hour)
    i.lcd_set_minus                          0x08003360   Section        0  main.o(i.lcd_set_minus)
    i.lcd_set_month                          0x080033e8   Section        0  main.o(i.lcd_set_month)
    i.lcd_set_second                         0x08003470   Section        0  main.o(i.lcd_set_second)
    i.lcd_set_year                           0x080034f8   Section        0  main.o(i.lcd_set_year)
    i.lcd_state_idol                         0x08003584   Section        0  main.o(i.lcd_state_idol)
    i.main                                   0x080035f4   Section        0  main.o(i.main)
    locale$$code                             0x080036c0   Section       44  lc_numeric_c.o(locale$$code)
    locale$$code                             0x080036ec   Section       44  lc_ctype_c.o(locale$$code)
    x$fpl$printf1                            0x08003718   Section        4  printf1.o(x$fpl$printf1)
    x$fpl$printf2                            0x0800371c   Section        4  printf2.o(x$fpl$printf2)
    .constdata                               0x08003720   Section       18  stm32f1xx_hal_rcc.o(.constdata)
    x$fpl$usenofp                            0x08003720   Section        0  usenofp.o(x$fpl$usenofp)
    aPredivFactorTable                       0x08003720   Data           2  stm32f1xx_hal_rcc.o(.constdata)
    aPLLMULFactorTable                       0x08003722   Data          16  stm32f1xx_hal_rcc.o(.constdata)
    .constdata                               0x08003732   Section       16  system_stm32f1xx.o(.constdata)
    .constdata                               0x08003742   Section        8  system_stm32f1xx.o(.constdata)
    .constdata                               0x0800374c   Section        8  _printf_wctomb.o(.constdata)
    initial_mbstate                          0x0800374c   Data           8  _printf_wctomb.o(.constdata)
    .constdata                               0x08003754   Section       40  _printf_hex_int_ll_ptr.o(.constdata)
    uc_hextab                                0x08003754   Data          20  _printf_hex_int_ll_ptr.o(.constdata)
    lc_hextab                                0x08003768   Data          20  _printf_hex_int_ll_ptr.o(.constdata)
    .constdata                               0x0800377c   Section       17  __printf_flags_ss_wp.o(.constdata)
    maptable                                 0x0800377c   Data          17  __printf_flags_ss_wp.o(.constdata)
    .constdata                               0x0800378d   Section       38  _printf_fp_hex.o(.constdata)
    lc_hextab                                0x0800378d   Data          19  _printf_fp_hex.o(.constdata)
    uc_hextab                                0x080037a0   Data          19  _printf_fp_hex.o(.constdata)
    .constdata                               0x080037b4   Section      148  bigflt0.o(.constdata)
    tenpwrs_x                                0x080037b4   Data          60  bigflt0.o(.constdata)
    tenpwrs_i                                0x080037f0   Data          64  bigflt0.o(.constdata)
    locale$$data                             0x08003868   Section       28  lc_numeric_c.o(locale$$data)
    __lcnum_c_name                           0x0800386c   Data           2  lc_numeric_c.o(locale$$data)
    __lcnum_c_start                          0x08003874   Data           0  lc_numeric_c.o(locale$$data)
    __lcnum_c_point                          0x08003880   Data           0  lc_numeric_c.o(locale$$data)
    __lcnum_c_thousands                      0x08003882   Data           0  lc_numeric_c.o(locale$$data)
    __lcnum_c_grouping                       0x08003883   Data           0  lc_numeric_c.o(locale$$data)
    locale$$data                             0x08003884   Section      272  lc_ctype_c.o(locale$$data)
    __lcnum_c_end                            0x08003884   Data           0  lc_numeric_c.o(locale$$data)
    __lcctype_c_name                         0x08003888   Data           2  lc_ctype_c.o(locale$$data)
    __lcctype_c_start                        0x08003890   Data           0  lc_ctype_c.o(locale$$data)
    __lcctype_c_end                          0x08003994   Data           0  lc_ctype_c.o(locale$$data)
    .data                                    0x20000000   Section       15  main.o(.data)
    .data                                    0x20000010   Section       12  stm32f1xx_hal.o(.data)
    .data                                    0x2000001c   Section        4  system_stm32f1xx.o(.data)
    .bss                                     0x20000020   Section      180  main.o(.bss)
    .bss                                     0x200000d4   Section       96  libspace.o(.bss)
    HEAP                                     0x20000138   Section      512  startup_stm32f103xb.o(HEAP)
    Heap_Mem                                 0x20000138   Data         512  startup_stm32f103xb.o(HEAP)
    STACK                                    0x20000338   Section     1024  startup_stm32f103xb.o(STACK)
    Stack_Mem                                0x20000338   Data        1024  startup_stm32f103xb.o(STACK)
    __initial_sp                             0x20000738   Data           0  startup_stm32f103xb.o(STACK)

    Global Symbols

    Symbol Name                              Value     Ov Type        Size  Object(Section)

    BuildAttributes$$THM_ISAv4$P$D$K$B$S$PE$A:L22UL41UL21$X:L11$S22US41US21$IEEE1$IW$USESV6$~STKCKD$USESV7$~SHL$OTIME$ROPI$IEEEJ$EBA8$UX$STANDARDLIB$REQ8$PRES8$EABIv2 0x00000000   Number         0  anon$$obj.o ABSOLUTE
    __ARM_use_no_argv                        0x00000000   Number         0  main.o ABSOLUTE
    _printf_flags                            0x00000000   Number         0  printf_stubs.o ABSOLUTE
    _printf_return_value                     0x00000000   Number         0  printf_stubs.o ABSOLUTE
    _printf_sizespec                         0x00000000   Number         0  printf_stubs.o ABSOLUTE
    _printf_widthprec                        0x00000000   Number         0  printf_stubs.o ABSOLUTE
    __ARM_exceptions_init                     - Undefined Weak Reference
    __alloca_initialize                       - Undefined Weak Reference
    __arm_preinit_                            - Undefined Weak Reference
    __cpp_initialize__aeabi_                  - Undefined Weak Reference
    __cxa_finalize                            - Undefined Weak Reference
    __sigvec_lookup                           - Undefined Weak Reference
    _atexit_init                              - Undefined Weak Reference
    _call_atexit_fns                          - Undefined Weak Reference
    _clock_init                               - Undefined Weak Reference
    _fp_trap_init                             - Undefined Weak Reference
    _fp_trap_shutdown                         - Undefined Weak Reference
    _get_lc_collate                           - Undefined Weak Reference
    _get_lc_monetary                          - Undefined Weak Reference
    _get_lc_time                              - Undefined Weak Reference
    _getenv_init                              - Undefined Weak Reference
    _handle_redirection                       - Undefined Weak Reference
    _init_alloc                               - Undefined Weak Reference
    _init_user_alloc                          - Undefined Weak Reference
    _initio                                   - Undefined Weak Reference
    _printf_mbtowc                            - Undefined Weak Reference
    _printf_wc                                - Undefined Weak Reference
    _rand_init                                - Undefined Weak Reference
    _signal_finish                            - Undefined Weak Reference
    _signal_init                              - Undefined Weak Reference
    _terminate_alloc                          - Undefined Weak Reference
    _terminate_user_alloc                     - Undefined Weak Reference
    _terminateio                              - Undefined Weak Reference
    __Vectors_Size                           0x000000ec   Number         0  startup_stm32f103xb.o ABSOLUTE
    __Vectors                                0x08000000   Data           4  startup_stm32f103xb.o(RESET)
    __Vectors_End                            0x080000ec   Data           0  startup_stm32f103xb.o(RESET)
    __main                                   0x080000ed   Thumb Code     8  __main.o(!!!main)
    __scatterload                            0x080000f5   Thumb Code     0  __scatter.o(!!!scatter)
    __scatterload_rt2                        0x080000f5   Thumb Code    44  __scatter.o(!!!scatter)
    __scatterload_rt2_thumb_only             0x080000f5   Thumb Code     0  __scatter.o(!!!scatter)
    __scatterload_null                       0x08000103   Thumb Code     0  __scatter.o(!!!scatter)
    __scatterload_copy                       0x08000129   Thumb Code    26  __scatter_copy.o(!!handler_copy)
    __scatterload_zeroinit                   0x08000145   Thumb Code    28  __scatter_zi.o(!!handler_zi)
    _printf_n                                0x08000161   Thumb Code     0  _printf_n.o(.ARM.Collect$$_printf_percent$$00000001)
    _printf_percent                          0x08000161   Thumb Code     0  _printf_percent.o(.ARM.Collect$$_printf_percent$$00000000)
    _printf_p                                0x08000167   Thumb Code     0  _printf_p.o(.ARM.Collect$$_printf_percent$$00000002)
    _printf_f                                0x0800016d   Thumb Code     0  _printf_f.o(.ARM.Collect$$_printf_percent$$00000003)
    _printf_e                                0x08000173   Thumb Code     0  _printf_e.o(.ARM.Collect$$_printf_percent$$00000004)
    _printf_g                                0x08000179   Thumb Code     0  _printf_g.o(.ARM.Collect$$_printf_percent$$00000005)
    _printf_a                                0x0800017f   Thumb Code     0  _printf_a.o(.ARM.Collect$$_printf_percent$$00000006)
    _printf_ll                               0x08000185   Thumb Code     0  _printf_ll.o(.ARM.Collect$$_printf_percent$$00000007)
    _printf_i                                0x0800018f   Thumb Code     0  _printf_i.o(.ARM.Collect$$_printf_percent$$00000008)
    _printf_d                                0x08000195   Thumb Code     0  _printf_d.o(.ARM.Collect$$_printf_percent$$00000009)
    _printf_u                                0x0800019b   Thumb Code     0  _printf_u.o(.ARM.Collect$$_printf_percent$$0000000A)
    _printf_o                                0x080001a1   Thumb Code     0  _printf_o.o(.ARM.Collect$$_printf_percent$$0000000B)
    _printf_x                                0x080001a7   Thumb Code     0  _printf_x.o(.ARM.Collect$$_printf_percent$$0000000C)
    _printf_lli                              0x080001ad   Thumb Code     0  _printf_lli.o(.ARM.Collect$$_printf_percent$$0000000D)
    _printf_lld                              0x080001b3   Thumb Code     0  _printf_lld.o(.ARM.Collect$$_printf_percent$$0000000E)
    _printf_llu                              0x080001b9   Thumb Code     0  _printf_llu.o(.ARM.Collect$$_printf_percent$$0000000F)
    _printf_llo                              0x080001bf   Thumb Code     0  _printf_llo.o(.ARM.Collect$$_printf_percent$$00000010)
    _printf_llx                              0x080001c5   Thumb Code     0  _printf_llx.o(.ARM.Collect$$_printf_percent$$00000011)
    _printf_l                                0x080001cb   Thumb Code     0  _printf_l.o(.ARM.Collect$$_printf_percent$$00000012)
    _printf_c                                0x080001d5   Thumb Code     0  _printf_c.o(.ARM.Collect$$_printf_percent$$00000013)
    _printf_s                                0x080001db   Thumb Code     0  _printf_s.o(.ARM.Collect$$_printf_percent$$00000014)
    _printf_lc                               0x080001e1   Thumb Code     0  _printf_lc.o(.ARM.Collect$$_printf_percent$$00000015)
    _printf_ls                               0x080001e7   Thumb Code     0  _printf_ls.o(.ARM.Collect$$_printf_percent$$00000016)
    _printf_percent_end                      0x080001ed   Thumb Code     0  _printf_percent_end.o(.ARM.Collect$$_printf_percent$$00000017)
    __rt_lib_init                            0x080001f1   Thumb Code     0  libinit.o(.ARM.Collect$$libinit$$00000000)
    __rt_lib_init_fp_1                       0x080001f3   Thumb Code     0  libinit2.o(.ARM.Collect$$libinit$$00000002)
    __rt_lib_init_heap_1                     0x080001f3   Thumb Code     0  libinit2.o(.ARM.Collect$$libinit$$0000000A)
    __rt_lib_init_lc_common                  0x080001f3   Thumb Code     0  libinit2.o(.ARM.Collect$$libinit$$0000000F)
    __rt_lib_init_preinit_1                  0x080001f3   Thumb Code     0  libinit2.o(.ARM.Collect$$libinit$$00000004)
    __rt_lib_init_rand_1                     0x080001f3   Thumb Code     0  libinit2.o(.ARM.Collect$$libinit$$0000000E)
    __rt_lib_init_user_alloc_1               0x080001f3   Thumb Code     0  libinit2.o(.ARM.Collect$$libinit$$0000000C)
    __rt_lib_init_lc_collate_1               0x080001f9   Thumb Code     0  libinit2.o(.ARM.Collect$$libinit$$00000011)
    __rt_lib_init_lc_ctype_2                 0x080001f9   Thumb Code     0  libinit2.o(.ARM.Collect$$libinit$$00000012)
    __rt_lib_init_lc_ctype_1                 0x08000205   Thumb Code     0  libinit2.o(.ARM.Collect$$libinit$$00000013)
    __rt_lib_init_lc_monetary_1              0x08000205   Thumb Code     0  libinit2.o(.ARM.Collect$$libinit$$00000015)
    __rt_lib_init_lc_numeric_2               0x08000205   Thumb Code     0  libinit2.o(.ARM.Collect$$libinit$$00000016)
    __rt_lib_init_alloca_1                   0x0800020f   Thumb Code     0  libinit2.o(.ARM.Collect$$libinit$$0000002E)
    __rt_lib_init_argv_1                     0x0800020f   Thumb Code     0  libinit2.o(.ARM.Collect$$libinit$$0000002C)
    __rt_lib_init_atexit_1                   0x0800020f   Thumb Code     0  libinit2.o(.ARM.Collect$$libinit$$0000001B)
    __rt_lib_init_clock_1                    0x0800020f   Thumb Code     0  libinit2.o(.ARM.Collect$$libinit$$00000021)
    __rt_lib_init_cpp_1                      0x0800020f   Thumb Code     0  libinit2.o(.ARM.Collect$$libinit$$00000032)
    __rt_lib_init_exceptions_1               0x0800020f   Thumb Code     0  libinit2.o(.ARM.Collect$$libinit$$00000030)
    __rt_lib_init_fp_trap_1                  0x0800020f   Thumb Code     0  libinit2.o(.ARM.Collect$$libinit$$0000001F)
    __rt_lib_init_getenv_1                   0x0800020f   Thumb Code     0  libinit2.o(.ARM.Collect$$libinit$$00000023)
    __rt_lib_init_lc_numeric_1               0x0800020f   Thumb Code     0  libinit2.o(.ARM.Collect$$libinit$$00000017)
    __rt_lib_init_lc_time_1                  0x0800020f   Thumb Code     0  libinit2.o(.ARM.Collect$$libinit$$00000019)
    __rt_lib_init_return                     0x0800020f   Thumb Code     0  libinit2.o(.ARM.Collect$$libinit$$00000033)
    __rt_lib_init_signal_1                   0x0800020f   Thumb Code     0  libinit2.o(.ARM.Collect$$libinit$$0000001D)
    __rt_lib_init_stdio_1                    0x0800020f   Thumb Code     0  libinit2.o(.ARM.Collect$$libinit$$00000025)
    __rt_lib_shutdown                        0x08000211   Thumb Code     0  libshutdown.o(.ARM.Collect$$libshutdown$$00000000)
    __rt_lib_shutdown_cpp_1                  0x08000213   Thumb Code     0  libshutdown2.o(.ARM.Collect$$libshutdown$$00000002)
    __rt_lib_shutdown_fp_trap_1              0x08000213   Thumb Code     0  libshutdown2.o(.ARM.Collect$$libshutdown$$00000007)
    __rt_lib_shutdown_heap_1                 0x08000213   Thumb Code     0  libshutdown2.o(.ARM.Collect$$libshutdown$$0000000F)
    __rt_lib_shutdown_return                 0x08000213   Thumb Code     0  libshutdown2.o(.ARM.Collect$$libshutdown$$00000010)
    __rt_lib_shutdown_signal_1               0x08000213   Thumb Code     0  libshutdown2.o(.ARM.Collect$$libshutdown$$0000000A)
    __rt_lib_shutdown_stdio_1                0x08000213   Thumb Code     0  libshutdown2.o(.ARM.Collect$$libshutdown$$00000004)
    __rt_lib_shutdown_user_alloc_1           0x08000213   Thumb Code     0  libshutdown2.o(.ARM.Collect$$libshutdown$$0000000C)
    __rt_entry                               0x08000215   Thumb Code     0  __rtentry.o(.ARM.Collect$$rtentry$$00000000)
    __rt_entry_presh_1                       0x08000215   Thumb Code     0  __rtentry2.o(.ARM.Collect$$rtentry$$00000002)
    __rt_entry_sh                            0x08000215   Thumb Code     0  __rtentry4.o(.ARM.Collect$$rtentry$$00000004)
    __rt_entry_li                            0x0800021b   Thumb Code     0  __rtentry2.o(.ARM.Collect$$rtentry$$0000000A)
    __rt_entry_postsh_1                      0x0800021b   Thumb Code     0  __rtentry2.o(.ARM.Collect$$rtentry$$00000009)
    __rt_entry_main                          0x0800021f   Thumb Code     0  __rtentry2.o(.ARM.Collect$$rtentry$$0000000D)
    __rt_entry_postli_1                      0x0800021f   Thumb Code     0  __rtentry2.o(.ARM.Collect$$rtentry$$0000000C)
    __rt_exit                                0x08000227   Thumb Code     0  rtexit.o(.ARM.Collect$$rtexit$$00000000)
    __rt_exit_ls                             0x08000229   Thumb Code     0  rtexit2.o(.ARM.Collect$$rtexit$$00000003)
    __rt_exit_prels_1                        0x08000229   Thumb Code     0  rtexit2.o(.ARM.Collect$$rtexit$$00000002)
    __rt_exit_exit                           0x0800022d   Thumb Code     0  rtexit2.o(.ARM.Collect$$rtexit$$00000004)
    Reset_Handler                            0x08000235   Thumb Code     8  startup_stm32f103xb.o(.text)
    ADC1_2_IRQHandler                        0x0800024f   Thumb Code     0  startup_stm32f103xb.o(.text)
    CAN1_RX1_IRQHandler                      0x0800024f   Thumb Code     0  startup_stm32f103xb.o(.text)
    CAN1_SCE_IRQHandler                      0x0800024f   Thumb Code     0  startup_stm32f103xb.o(.text)
    DMA1_Channel1_IRQHandler                 0x0800024f   Thumb Code     0  startup_stm32f103xb.o(.text)
    DMA1_Channel2_IRQHandler                 0x0800024f   Thumb Code     0  startup_stm32f103xb.o(.text)
    DMA1_Channel3_IRQHandler                 0x0800024f   Thumb Code     0  startup_stm32f103xb.o(.text)
    DMA1_Channel4_IRQHandler                 0x0800024f   Thumb Code     0  startup_stm32f103xb.o(.text)
    DMA1_Channel5_IRQHandler                 0x0800024f   Thumb Code     0  startup_stm32f103xb.o(.text)
    DMA1_Channel6_IRQHandler                 0x0800024f   Thumb Code     0  startup_stm32f103xb.o(.text)
    DMA1_Channel7_IRQHandler                 0x0800024f   Thumb Code     0  startup_stm32f103xb.o(.text)
    EXTI0_IRQHandler                         0x0800024f   Thumb Code     0  startup_stm32f103xb.o(.text)
    EXTI15_10_IRQHandler                     0x0800024f   Thumb Code     0  startup_stm32f103xb.o(.text)
    EXTI1_IRQHandler                         0x0800024f   Thumb Code     0  startup_stm32f103xb.o(.text)
    EXTI2_IRQHandler                         0x0800024f   Thumb Code     0  startup_stm32f103xb.o(.text)
    EXTI3_IRQHandler                         0x0800024f   Thumb Code     0  startup_stm32f103xb.o(.text)
    EXTI4_IRQHandler                         0x0800024f   Thumb Code     0  startup_stm32f103xb.o(.text)
    EXTI9_5_IRQHandler                       0x0800024f   Thumb Code     0  startup_stm32f103xb.o(.text)
    FLASH_IRQHandler                         0x0800024f   Thumb Code     0  startup_stm32f103xb.o(.text)
    I2C1_ER_IRQHandler                       0x0800024f   Thumb Code     0  startup_stm32f103xb.o(.text)
    I2C1_EV_IRQHandler                       0x0800024f   Thumb Code     0  startup_stm32f103xb.o(.text)
    I2C2_ER_IRQHandler                       0x0800024f   Thumb Code     0  startup_stm32f103xb.o(.text)
    I2C2_EV_IRQHandler                       0x0800024f   Thumb Code     0  startup_stm32f103xb.o(.text)
    PVD_IRQHandler                           0x0800024f   Thumb Code     0  startup_stm32f103xb.o(.text)
    RCC_IRQHandler                           0x0800024f   Thumb Code     0  startup_stm32f103xb.o(.text)
    RTC_Alarm_IRQHandler                     0x0800024f   Thumb Code     0  startup_stm32f103xb.o(.text)
    RTC_IRQHandler                           0x0800024f   Thumb Code     0  startup_stm32f103xb.o(.text)
    SPI1_IRQHandler                          0x0800024f   Thumb Code     0  startup_stm32f103xb.o(.text)
    SPI2_IRQHandler                          0x0800024f   Thumb Code     0  startup_stm32f103xb.o(.text)
    TAMPER_IRQHandler                        0x0800024f   Thumb Code     0  startup_stm32f103xb.o(.text)
    TIM1_BRK_IRQHandler                      0x0800024f   Thumb Code     0  startup_stm32f103xb.o(.text)
    TIM1_CC_IRQHandler                       0x0800024f   Thumb Code     0  startup_stm32f103xb.o(.text)
    TIM1_TRG_COM_IRQHandler                  0x0800024f   Thumb Code     0  startup_stm32f103xb.o(.text)
    TIM1_UP_IRQHandler                       0x0800024f   Thumb Code     0  startup_stm32f103xb.o(.text)
    TIM2_IRQHandler                          0x0800024f   Thumb Code     0  startup_stm32f103xb.o(.text)
    TIM3_IRQHandler                          0x0800024f   Thumb Code     0  startup_stm32f103xb.o(.text)
    TIM4_IRQHandler                          0x0800024f   Thumb Code     0  startup_stm32f103xb.o(.text)
    USART1_IRQHandler                        0x0800024f   Thumb Code     0  startup_stm32f103xb.o(.text)
    USART2_IRQHandler                        0x0800024f   Thumb Code     0  startup_stm32f103xb.o(.text)
    USART3_IRQHandler                        0x0800024f   Thumb Code     0  startup_stm32f103xb.o(.text)
    USBWakeUp_IRQHandler                     0x0800024f   Thumb Code     0  startup_stm32f103xb.o(.text)
    USB_HP_CAN1_TX_IRQHandler                0x0800024f   Thumb Code     0  startup_stm32f103xb.o(.text)
    USB_LP_CAN1_RX0_IRQHandler               0x0800024f   Thumb Code     0  startup_stm32f103xb.o(.text)
    WWDG_IRQHandler                          0x0800024f   Thumb Code     0  startup_stm32f103xb.o(.text)
    __user_initial_stackheap                 0x08000251   Thumb Code     0  startup_stm32f103xb.o(.text)
    vsprintf                                 0x08000275   Thumb Code    32  vsprintf.o(.text)
    strlen                                   0x08000299   Thumb Code    62  strlen.o(.text)
    __aeabi_memclr4                          0x080002d7   Thumb Code     0  rt_memclr_w.o(.text)
    __aeabi_memclr8                          0x080002d7   Thumb Code     0  rt_memclr_w.o(.text)
    __rt_memclr_w                            0x080002d7   Thumb Code    78  rt_memclr_w.o(.text)
    _memset_w                                0x080002db   Thumb Code     0  rt_memclr_w.o(.text)
    __use_two_region_memory                  0x08000325   Thumb Code     2  heapauxi.o(.text)
    __rt_heap_escrow$2region                 0x08000327   Thumb Code     2  heapauxi.o(.text)
    __rt_heap_expand$2region                 0x08000329   Thumb Code     2  heapauxi.o(.text)
    _printf_pre_padding                      0x0800032b   Thumb Code    44  _printf_pad.o(.text)
    _printf_post_padding                     0x08000357   Thumb Code    34  _printf_pad.o(.text)
    _printf_truncate_signed                  0x08000379   Thumb Code    18  _printf_truncate.o(.text)
    _printf_truncate_unsigned                0x0800038b   Thumb Code    18  _printf_truncate.o(.text)
    _printf_str                              0x0800039d   Thumb Code    82  _printf_str.o(.text)
    _printf_int_dec                          0x080003f1   Thumb Code   104  _printf_dec.o(.text)
    _printf_charcount                        0x08000469   Thumb Code    40  _printf_charcount.o(.text)
    _printf_char_common                      0x0800049b   Thumb Code    32  _printf_char_common.o(.text)
    _sputc                                   0x080004c1   Thumb Code    10  _sputc.o(.text)
    _printf_wctomb                           0x080004cd   Thumb Code   182  _printf_wctomb.o(.text)
    _printf_longlong_dec                     0x08000589   Thumb Code   108  _printf_longlong_dec.o(.text)
    _printf_longlong_oct                     0x08000605   Thumb Code    66  _printf_oct_int_ll.o(.text)
    _printf_int_oct                          0x08000647   Thumb Code    24  _printf_oct_int_ll.o(.text)
    _printf_ll_oct                           0x0800065f   Thumb Code    12  _printf_oct_int_ll.o(.text)
    _printf_longlong_hex                     0x08000675   Thumb Code    86  _printf_hex_int_ll_ptr.o(.text)
    _printf_int_hex                          0x080006cb   Thumb Code    28  _printf_hex_int_ll_ptr.o(.text)
    _printf_ll_hex                           0x080006e7   Thumb Code    12  _printf_hex_int_ll_ptr.o(.text)
    _printf_hex_ptr                          0x080006f3   Thumb Code    18  _printf_hex_int_ll_ptr.o(.text)
    __printf                                 0x08000709   Thumb Code   388  __printf_flags_ss_wp.o(.text)
    _ll_udiv10                               0x08000891   Thumb Code   138  lludiv10.o(.text)
    _printf_int_common                       0x0800091b   Thumb Code   178  _printf_intcommon.o(.text)
    __lib_sel_fp_printf                      0x080009cd   Thumb Code     2  _printf_fp_dec.o(.text)
    _printf_fp_dec_real                      0x08000b7f   Thumb Code   620  _printf_fp_dec.o(.text)
    _printf_fp_hex_real                      0x08000ded   Thumb Code   756  _printf_fp_hex.o(.text)
    _printf_cs_common                        0x080010e9   Thumb Code    20  _printf_char.o(.text)
    _printf_char                             0x080010fd   Thumb Code    16  _printf_char.o(.text)
    _printf_string                           0x0800110d   Thumb Code     8  _printf_char.o(.text)
    _printf_lcs_common                       0x08001115   Thumb Code    20  _printf_wchar.o(.text)
    _printf_wchar                            0x08001129   Thumb Code    16  _printf_wchar.o(.text)
    _printf_wstring                          0x08001139   Thumb Code     8  _printf_wchar.o(.text)
    _wcrtomb                                 0x08001141   Thumb Code    64  _wcrtomb.o(.text)
    __user_setup_stackheap                   0x08001181   Thumb Code    74  sys_stackheap_outer.o(.text)
    __rt_ctype_table                         0x080011cd   Thumb Code    16  rt_ctype_table.o(.text)
    __rt_locale                              0x080011dd   Thumb Code     8  rt_locale_intlibspace.o(.text)
    _printf_fp_infnan                        0x080011e5   Thumb Code   112  _printf_fp_infnan.o(.text)
    _btod_etento                             0x08001265   Thumb Code   224  bigflt0.o(.text)
    exit                                     0x08001349   Thumb Code    18  exit.o(.text)
    __user_libspace                          0x0800135d   Thumb Code     8  libspace.o(.text)
    __user_perproc_libspace                  0x0800135d   Thumb Code     0  libspace.o(.text)
    __user_perthread_libspace                0x0800135d   Thumb Code     0  libspace.o(.text)
    strcmp                                   0x08001365   Thumb Code   128  strcmpv7m.o(.text)
    _sys_exit                                0x080013e5   Thumb Code     8  sys_exit.o(.text)
    __I$use$semihosting                      0x080013f1   Thumb Code     0  use_no_semi.o(.text)
    __use_no_semihosting_swi                 0x080013f1   Thumb Code     2  use_no_semi.o(.text)
    __semihosting_library_function           0x080013f3   Thumb Code     0  indicate_semi.o(.text)
    _btod_d2e                                0x080013f3   Thumb Code    62  btod.o(CL$$btod_d2e)
    _d2e_denorm_low                          0x08001431   Thumb Code    70  btod.o(CL$$btod_d2e_denorm_low)
    _d2e_norm_op1                            0x08001477   Thumb Code    96  btod.o(CL$$btod_d2e_norm_op1)
    __btod_div_common                        0x080014d7   Thumb Code   696  btod.o(CL$$btod_div_common)
    _e2e                                     0x0800180f   Thumb Code   220  btod.o(CL$$btod_e2e)
    _btod_ediv                               0x080018eb   Thumb Code    42  btod.o(CL$$btod_ediv)
    _btod_emul                               0x08001915   Thumb Code    42  btod.o(CL$$btod_emul)
    __btod_mult_common                       0x0800193f   Thumb Code   580  btod.o(CL$$btod_mult_common)
    BCD2Decimal                              0x08001b83   Thumb Code    18  rtc_ds3231.o(i.BCD2Decimal)
    BusFault_Handler                         0x08001b95   Thumb Code     2  stm32f1xx_it.o(i.BusFault_Handler)
    DebugMon_Handler                         0x08001b97   Thumb Code     2  stm32f1xx_it.o(i.DebugMon_Handler)
    Decimal2BCD                              0x08001b99   Thumb Code    22  rtc_ds3231.o(i.Decimal2BCD)
    HAL_Delay                                0x08001bb1   Thumb Code    32  stm32f1xx_hal.o(i.HAL_Delay)
    HAL_GPIO_Init                            0x08001bd5   Thumb Code   446  stm32f1xx_hal_gpio.o(i.HAL_GPIO_Init)
    HAL_GPIO_ReadPin                         0x08001db5   Thumb Code    10  stm32f1xx_hal_gpio.o(i.HAL_GPIO_ReadPin)
    HAL_GetTick                              0x08001dc1   Thumb Code     6  stm32f1xx_hal.o(i.HAL_GetTick)
    HAL_I2C_Init                             0x08001dcd   Thumb Code   376  stm32f1xx_hal_i2c.o(i.HAL_I2C_Init)
    HAL_I2C_Master_Receive                   0x08001f55   Thumb Code   576  stm32f1xx_hal_i2c.o(i.HAL_I2C_Master_Receive)
    HAL_I2C_Master_Transmit                  0x080021a5   Thumb Code   290  stm32f1xx_hal_i2c.o(i.HAL_I2C_Master_Transmit)
    HAL_I2C_MspInit                          0x080022d1   Thumb Code    80  stm32f1xx_hal_msp.o(i.HAL_I2C_MspInit)
    HAL_IncTick                              0x0800232d   Thumb Code    12  stm32f1xx_hal.o(i.HAL_IncTick)
    HAL_Init                                 0x0800233d   Thumb Code    32  stm32f1xx_hal.o(i.HAL_Init)
    HAL_InitTick                             0x08002361   Thumb Code    54  stm32f1xx_hal.o(i.HAL_InitTick)
    HAL_MspInit                              0x080023a1   Thumb Code    52  stm32f1xx_hal_msp.o(i.HAL_MspInit)
    HAL_NVIC_SetPriority                     0x080023dd   Thumb Code    60  stm32f1xx_hal_cortex.o(i.HAL_NVIC_SetPriority)
    HAL_NVIC_SetPriorityGrouping             0x0800241d   Thumb Code    26  stm32f1xx_hal_cortex.o(i.HAL_NVIC_SetPriorityGrouping)
    HAL_RCC_ClockConfig                      0x08002441   Thumb Code   280  stm32f1xx_hal_rcc.o(i.HAL_RCC_ClockConfig)
    HAL_RCC_GetPCLK1Freq                     0x0800256d   Thumb Code    20  stm32f1xx_hal_rcc.o(i.HAL_RCC_GetPCLK1Freq)
    HAL_RCC_GetSysClockFreq                  0x0800258d   Thumb Code    58  stm32f1xx_hal_rcc.o(i.HAL_RCC_GetSysClockFreq)
    HAL_RCC_OscConfig                        0x080025d9   Thumb Code   778  stm32f1xx_hal_rcc.o(i.HAL_RCC_OscConfig)
    HAL_SYSTICK_Config                       0x080028f9   Thumb Code    40  stm32f1xx_hal_cortex.o(i.HAL_SYSTICK_Config)
    HardFault_Handler                        0x08002921   Thumb Code     2  stm32f1xx_it.o(i.HardFault_Handler)
    LCD_Handle                               0x08002d45   Thumb Code    54  main.o(i.LCD_Handle)
    MemManage_Handler                        0x08002dd9   Thumb Code     2  stm32f1xx_it.o(i.MemManage_Handler)
    NMI_Handler                              0x08002ddb   Thumb Code     2  stm32f1xx_it.o(i.NMI_Handler)
    PendSV_Handler                           0x08002ddd   Thumb Code     2  stm32f1xx_it.o(i.PendSV_Handler)
    RTC_Init                                 0x08002ddf   Thumb Code     4  rtc_ds3231.o(i.RTC_Init)
    RTC_ReadTime                             0x08002de3   Thumb Code   114  rtc_ds3231.o(i.RTC_ReadTime)
    RTC_WriteTime                            0x08002e55   Thumb Code   100  rtc_ds3231.o(i.RTC_WriteTime)
    SVC_Handler                              0x08002eb9   Thumb Code     2  stm32f1xx_it.o(i.SVC_Handler)
    SysTick_Handler                          0x08002ebb   Thumb Code     4  stm32f1xx_it.o(i.SysTick_Handler)
    SystemClock_Config                       0x08002ebf   Thumb Code    94  main.o(i.SystemClock_Config)
    SystemInit                               0x08002f1d   Thumb Code     2  system_stm32f1xx.o(i.SystemInit)
    UsageFault_Handler                       0x08002f1f   Thumb Code     2  stm32f1xx_it.o(i.UsageFault_Handler)
    __ARM_fpclassify                         0x08002f21   Thumb Code    40  fpclassify.o(i.__ARM_fpclassify)
    _is_digit                                0x08002f69   Thumb Code    14  __printf_wp.o(i._is_digit)
    btn_press_short_callback                 0x08002f77   Thumb Code     2  button.o(i.btn_press_short_callback)
    btn_press_timeout_callback               0x08002f79   Thumb Code    14  main.o(i.btn_press_timeout_callback)
    btn_pressing_callback                    0x08002f91   Thumb Code    90  main.o(i.btn_pressing_callback)
    btn_release_callback                     0x08002ff5   Thumb Code     2  button.o(i.btn_release_callback)
    button_handle                            0x08002ff7   Thumb Code   144  button.o(i.button_handle)
    button_init                              0x08003087   Thumb Code     6  button.o(i.button_init)
    lcd_complete                             0x0800308d   Thumb Code    58  main.o(i.lcd_complete)
    lcd_init                                 0x080030f9   Thumb Code   102  liquidcrystal_i2c.o(i.lcd_init)
    lcd_printf                               0x0800315f   Thumb Code    58  liquidcrystal_i2c.o(i.lcd_printf)
    lcd_set_cursor                           0x08003221   Thumb Code    26  liquidcrystal_i2c.o(i.lcd_set_cursor)
    lcd_set_cursor_blink_off                 0x08003241   Thumb Code    16  liquidcrystal_i2c.o(i.lcd_set_cursor_blink_off)
    lcd_set_date                             0x08003251   Thumb Code    92  main.o(i.lcd_set_date)
    lcd_set_hour                             0x080032d9   Thumb Code    90  main.o(i.lcd_set_hour)
    lcd_set_minus                            0x08003361   Thumb Code    90  main.o(i.lcd_set_minus)
    lcd_set_month                            0x080033e9   Thumb Code    92  main.o(i.lcd_set_month)
    lcd_set_second                           0x08003471   Thumb Code    90  main.o(i.lcd_set_second)
    lcd_set_year                             0x080034f9   Thumb Code    90  main.o(i.lcd_set_year)
    lcd_state_idol                           0x08003585   Thumb Code    60  main.o(i.lcd_state_idol)
    main                                     0x080035f5   Thumb Code   182  main.o(i.main)
    _get_lc_numeric                          0x080036c1   Thumb Code    44  lc_numeric_c.o(locale$$code)
    _get_lc_ctype                            0x080036ed   Thumb Code    44  lc_ctype_c.o(locale$$code)
    _printf_fp_dec                           0x08003719   Thumb Code     4  printf1.o(x$fpl$printf1)
    _printf_fp_hex                           0x0800371d   Thumb Code     4  printf2.o(x$fpl$printf2)
    __I$use$fp                               0x08003720   Number         0  usenofp.o(x$fpl$usenofp)
    AHBPrescTable                            0x08003732   Data          16  system_stm32f1xx.o(.constdata)
    APBPrescTable                            0x08003742   Data           8  system_stm32f1xx.o(.constdata)
    Region$$Table$$Base                      0x08003848   Number         0  anon$$obj.o(Region$$Table)
    Region$$Table$$Limit                     0x08003868   Number         0  anon$$obj.o(Region$$Table)
    __ctype                                  0x08003891   Data           0  lc_ctype_c.o(locale$$data)
    flag_button                              0x20000000   Data           1  main.o(.data)
    set_dt                                   0x20000001   Data           1  main.o(.data)
    get_time                                 0x20000004   Data           4  main.o(.data)
    time_setup                               0x20000008   Data           7  main.o(.data)
    uwTickFreq                               0x20000010   Data           1  stm32f1xx_hal.o(.data)
    uwTickPrio                               0x20000014   Data           4  stm32f1xx_hal.o(.data)
    uwTick                                   0x20000018   Data           4  stm32f1xx_hal.o(.data)
    SystemCoreClock                          0x2000001c   Data           4  system_stm32f1xx.o(.data)
    hi2c1                                    0x20000020   Data          84  main.o(.bss)
    hlcd                                     0x20000074   Data          12  main.o(.bss)
    hrtc1                                    0x20000080   Data          12  main.o(.bss)
    button1                                  0x2000008c   Data          24  main.o(.bss)
    button2                                  0x200000a4   Data          24  main.o(.bss)
    button3                                  0x200000bc   Data          24  main.o(.bss)
    __libspace_start                         0x200000d4   Data          96  libspace.o(.bss)
    __temporary_stack_top$libspace           0x20000134   Data           0  libspace.o(.bss)



==============================================================================

Memory Map of the image

  Image Entry point : 0x080000ed

  Load Region LR_IROM1 (Base: 0x08000000, Size: 0x000039b4, Max: 0x00010000, ABSOLUTE)

    Execution Region ER_IROM1 (Exec base: 0x08000000, Load base: 0x08000000, Size: 0x00003994, Max: 0x00010000, ABSOLUTE)

    Exec Addr    Load Addr    Size         Type   Attr      Idx    E Section Name        Object

    0x08000000   0x08000000   0x000000ec   Data   RO            3    RESET               startup_stm32f103xb.o
    0x080000ec   0x080000ec   0x00000008   Code   RO         2100  * !!!main             c_w.l(__main.o)
    0x080000f4   0x080000f4   0x00000034   Code   RO         2421    !!!scatter          c_w.l(__scatter.o)
    0x08000128   0x08000128   0x0000001a   Code   RO         2423    !!handler_copy      c_w.l(__scatter_copy.o)
    0x08000142   0x08000142   0x00000002   PAD
    0x08000144   0x08000144   0x0000001c   Code   RO         2425    !!handler_zi        c_w.l(__scatter_zi.o)
    0x08000160   0x08000160   0x00000000   Code   RO         2184    .ARM.Collect$$_printf_percent$$00000000  c_w.l(_printf_percent.o)
    0x08000160   0x08000160   0x00000006   Code   RO         2173    .ARM.Collect$$_printf_percent$$00000001  c_w.l(_printf_n.o)
    0x08000166   0x08000166   0x00000006   Code   RO         2175    .ARM.Collect$$_printf_percent$$00000002  c_w.l(_printf_p.o)
    0x0800016c   0x0800016c   0x00000006   Code   RO         2180    .ARM.Collect$$_printf_percent$$00000003  c_w.l(_printf_f.o)
    0x08000172   0x08000172   0x00000006   Code   RO         2181    .ARM.Collect$$_printf_percent$$00000004  c_w.l(_printf_e.o)
    0x08000178   0x08000178   0x00000006   Code   RO         2182    .ARM.Collect$$_printf_percent$$00000005  c_w.l(_printf_g.o)
    0x0800017e   0x0800017e   0x00000006   Code   RO         2183    .ARM.Collect$$_printf_percent$$00000006  c_w.l(_printf_a.o)
    0x08000184   0x08000184   0x0000000a   Code   RO         2188    .ARM.Collect$$_printf_percent$$00000007  c_w.l(_printf_ll.o)
    0x0800018e   0x0800018e   0x00000006   Code   RO         2177    .ARM.Collect$$_printf_percent$$00000008  c_w.l(_printf_i.o)
    0x08000194   0x08000194   0x00000006   Code   RO         2178    .ARM.Collect$$_printf_percent$$00000009  c_w.l(_printf_d.o)
    0x0800019a   0x0800019a   0x00000006   Code   RO         2179    .ARM.Collect$$_printf_percent$$0000000A  c_w.l(_printf_u.o)
    0x080001a0   0x080001a0   0x00000006   Code   RO         2176    .ARM.Collect$$_printf_percent$$0000000B  c_w.l(_printf_o.o)
    0x080001a6   0x080001a6   0x00000006   Code   RO         2174    .ARM.Collect$$_printf_percent$$0000000C  c_w.l(_printf_x.o)
    0x080001ac   0x080001ac   0x00000006   Code   RO         2185    .ARM.Collect$$_printf_percent$$0000000D  c_w.l(_printf_lli.o)
    0x080001b2   0x080001b2   0x00000006   Code   RO         2186    .ARM.Collect$$_printf_percent$$0000000E  c_w.l(_printf_lld.o)
    0x080001b8   0x080001b8   0x00000006   Code   RO         2187    .ARM.Collect$$_printf_percent$$0000000F  c_w.l(_printf_llu.o)
    0x080001be   0x080001be   0x00000006   Code   RO         2192    .ARM.Collect$$_printf_percent$$00000010  c_w.l(_printf_llo.o)
    0x080001c4   0x080001c4   0x00000006   Code   RO         2193    .ARM.Collect$$_printf_percent$$00000011  c_w.l(_printf_llx.o)
    0x080001ca   0x080001ca   0x0000000a   Code   RO         2189    .ARM.Collect$$_printf_percent$$00000012  c_w.l(_printf_l.o)
    0x080001d4   0x080001d4   0x00000006   Code   RO         2171    .ARM.Collect$$_printf_percent$$00000013  c_w.l(_printf_c.o)
    0x080001da   0x080001da   0x00000006   Code   RO         2172    .ARM.Collect$$_printf_percent$$00000014  c_w.l(_printf_s.o)
    0x080001e0   0x080001e0   0x00000006   Code   RO         2190    .ARM.Collect$$_printf_percent$$00000015  c_w.l(_printf_lc.o)
    0x080001e6   0x080001e6   0x00000006   Code   RO         2191    .ARM.Collect$$_printf_percent$$00000016  c_w.l(_printf_ls.o)
    0x080001ec   0x080001ec   0x00000004   Code   RO         2232    .ARM.Collect$$_printf_percent$$00000017  c_w.l(_printf_percent_end.o)
    0x080001f0   0x080001f0   0x00000002   Code   RO         2281    .ARM.Collect$$libinit$$00000000  c_w.l(libinit.o)
    0x080001f2   0x080001f2   0x00000000   Code   RO         2298    .ARM.Collect$$libinit$$00000002  c_w.l(libinit2.o)
    0x080001f2   0x080001f2   0x00000000   Code   RO         2300    .ARM.Collect$$libinit$$00000004  c_w.l(libinit2.o)
    0x080001f2   0x080001f2   0x00000000   Code   RO         2303    .ARM.Collect$$libinit$$0000000A  c_w.l(libinit2.o)
    0x080001f2   0x080001f2   0x00000000   Code   RO         2305    .ARM.Collect$$libinit$$0000000C  c_w.l(libinit2.o)
    0x080001f2   0x080001f2   0x00000000   Code   RO         2307    .ARM.Collect$$libinit$$0000000E  c_w.l(libinit2.o)
    0x080001f2   0x080001f2   0x00000006   Code   RO         2308    .ARM.Collect$$libinit$$0000000F  c_w.l(libinit2.o)
    0x080001f8   0x080001f8   0x00000000   Code   RO         2310    .ARM.Collect$$libinit$$00000011  c_w.l(libinit2.o)
    0x080001f8   0x080001f8   0x0000000c   Code   RO         2311    .ARM.Collect$$libinit$$00000012  c_w.l(libinit2.o)
    0x08000204   0x08000204   0x00000000   Code   RO         2312    .ARM.Collect$$libinit$$00000013  c_w.l(libinit2.o)
    0x08000204   0x08000204   0x00000000   Code   RO         2314    .ARM.Collect$$libinit$$00000015  c_w.l(libinit2.o)
    0x08000204   0x08000204   0x0000000a   Code   RO         2315    .ARM.Collect$$libinit$$00000016  c_w.l(libinit2.o)
    0x0800020e   0x0800020e   0x00000000   Code   RO         2316    .ARM.Collect$$libinit$$00000017  c_w.l(libinit2.o)
    0x0800020e   0x0800020e   0x00000000   Code   RO         2318    .ARM.Collect$$libinit$$00000019  c_w.l(libinit2.o)
    0x0800020e   0x0800020e   0x00000000   Code   RO         2320    .ARM.Collect$$libinit$$0000001B  c_w.l(libinit2.o)
    0x0800020e   0x0800020e   0x00000000   Code   RO         2322    .ARM.Collect$$libinit$$0000001D  c_w.l(libinit2.o)
    0x0800020e   0x0800020e   0x00000000   Code   RO         2324    .ARM.Collect$$libinit$$0000001F  c_w.l(libinit2.o)
    0x0800020e   0x0800020e   0x00000000   Code   RO         2326    .ARM.Collect$$libinit$$00000021  c_w.l(libinit2.o)
    0x0800020e   0x0800020e   0x00000000   Code   RO         2328    .ARM.Collect$$libinit$$00000023  c_w.l(libinit2.o)
    0x0800020e   0x0800020e   0x00000000   Code   RO         2330    .ARM.Collect$$libinit$$00000025  c_w.l(libinit2.o)
    0x0800020e   0x0800020e   0x00000000   Code   RO         2334    .ARM.Collect$$libinit$$0000002C  c_w.l(libinit2.o)
    0x0800020e   0x0800020e   0x00000000   Code   RO         2336    .ARM.Collect$$libinit$$0000002E  c_w.l(libinit2.o)
    0x0800020e   0x0800020e   0x00000000   Code   RO         2338    .ARM.Collect$$libinit$$00000030  c_w.l(libinit2.o)
    0x0800020e   0x0800020e   0x00000000   Code   RO         2340    .ARM.Collect$$libinit$$00000032  c_w.l(libinit2.o)
    0x0800020e   0x0800020e   0x00000002   Code   RO         2341    .ARM.Collect$$libinit$$00000033  c_w.l(libinit2.o)
    0x08000210   0x08000210   0x00000002   Code   RO         2361    .ARM.Collect$$libshutdown$$00000000  c_w.l(libshutdown.o)
    0x08000212   0x08000212   0x00000000   Code   RO         2374    .ARM.Collect$$libshutdown$$00000002  c_w.l(libshutdown2.o)
    0x08000212   0x08000212   0x00000000   Code   RO         2376    .ARM.Collect$$libshutdown$$00000004  c_w.l(libshutdown2.o)
    0x08000212   0x08000212   0x00000000   Code   RO         2379    .ARM.Collect$$libshutdown$$00000007  c_w.l(libshutdown2.o)
    0x08000212   0x08000212   0x00000000   Code   RO         2382    .ARM.Collect$$libshutdown$$0000000A  c_w.l(libshutdown2.o)
    0x08000212   0x08000212   0x00000000   Code   RO         2384    .ARM.Collect$$libshutdown$$0000000C  c_w.l(libshutdown2.o)
    0x08000212   0x08000212   0x00000000   Code   RO         2387    .ARM.Collect$$libshutdown$$0000000F  c_w.l(libshutdown2.o)
    0x08000212   0x08000212   0x00000002   Code   RO         2388    .ARM.Collect$$libshutdown$$00000010  c_w.l(libshutdown2.o)
    0x08000214   0x08000214   0x00000000   Code   RO         2102    .ARM.Collect$$rtentry$$00000000  c_w.l(__rtentry.o)
    0x08000214   0x08000214   0x00000000   Code   RO         2203    .ARM.Collect$$rtentry$$00000002  c_w.l(__rtentry2.o)
    0x08000214   0x08000214   0x00000006   Code   RO         2215    .ARM.Collect$$rtentry$$00000004  c_w.l(__rtentry4.o)
    0x0800021a   0x0800021a   0x00000000   Code   RO         2205    .ARM.Collect$$rtentry$$00000009  c_w.l(__rtentry2.o)
    0x0800021a   0x0800021a   0x00000004   Code   RO         2206    .ARM.Collect$$rtentry$$0000000A  c_w.l(__rtentry2.o)
    0x0800021e   0x0800021e   0x00000000   Code   RO         2208    .ARM.Collect$$rtentry$$0000000C  c_w.l(__rtentry2.o)
    0x0800021e   0x0800021e   0x00000008   Code   RO         2209    .ARM.Collect$$rtentry$$0000000D  c_w.l(__rtentry2.o)
    0x08000226   0x08000226   0x00000002   Code   RO         2290    .ARM.Collect$$rtexit$$00000000  c_w.l(rtexit.o)
    0x08000228   0x08000228   0x00000000   Code   RO         2343    .ARM.Collect$$rtexit$$00000002  c_w.l(rtexit2.o)
    0x08000228   0x08000228   0x00000004   Code   RO         2344    .ARM.Collect$$rtexit$$00000003  c_w.l(rtexit2.o)
    0x0800022c   0x0800022c   0x00000006   Code   RO         2345    .ARM.Collect$$rtexit$$00000004  c_w.l(rtexit2.o)
    0x08000232   0x08000232   0x00000002   PAD
    0x08000234   0x08000234   0x00000040   Code   RO            4    .text               startup_stm32f103xb.o
    0x08000274   0x08000274   0x00000024   Code   RO         2092    .text               c_w.l(vsprintf.o)
    0x08000298   0x08000298   0x0000003e   Code   RO         2094    .text               c_w.l(strlen.o)
    0x080002d6   0x080002d6   0x0000004e   Code   RO         2096    .text               c_w.l(rt_memclr_w.o)
    0x08000324   0x08000324   0x00000006   Code   RO         2098    .text               c_w.l(heapauxi.o)
    0x0800032a   0x0800032a   0x0000004e   Code   RO         2105    .text               c_w.l(_printf_pad.o)
    0x08000378   0x08000378   0x00000024   Code   RO         2107    .text               c_w.l(_printf_truncate.o)
    0x0800039c   0x0800039c   0x00000052   Code   RO         2109    .text               c_w.l(_printf_str.o)
    0x080003ee   0x080003ee   0x00000002   PAD
    0x080003f0   0x080003f0   0x00000078   Code   RO         2111    .text               c_w.l(_printf_dec.o)
    0x08000468   0x08000468   0x00000028   Code   RO         2113    .text               c_w.l(_printf_charcount.o)
    0x08000490   0x08000490   0x00000030   Code   RO         2115    .text               c_w.l(_printf_char_common.o)
    0x080004c0   0x080004c0   0x0000000a   Code   RO         2117    .text               c_w.l(_sputc.o)
    0x080004ca   0x080004ca   0x00000002   PAD
    0x080004cc   0x080004cc   0x000000bc   Code   RO         2119    .text               c_w.l(_printf_wctomb.o)
    0x08000588   0x08000588   0x0000007c   Code   RO         2122    .text               c_w.l(_printf_longlong_dec.o)
    0x08000604   0x08000604   0x00000070   Code   RO         2128    .text               c_w.l(_printf_oct_int_ll.o)
    0x08000674   0x08000674   0x00000094   Code   RO         2148    .text               c_w.l(_printf_hex_int_ll_ptr.o)
    0x08000708   0x08000708   0x00000188   Code   RO         2168    .text               c_w.l(__printf_flags_ss_wp.o)
    0x08000890   0x08000890   0x0000008a   Code   RO         2217    .text               c_w.l(lludiv10.o)
    0x0800091a   0x0800091a   0x000000b2   Code   RO         2219    .text               c_w.l(_printf_intcommon.o)
    0x080009cc   0x080009cc   0x0000041e   Code   RO         2221    .text               c_w.l(_printf_fp_dec.o)
    0x08000dea   0x08000dea   0x00000002   PAD
    0x08000dec   0x08000dec   0x000002fc   Code   RO         2223    .text               c_w.l(_printf_fp_hex.o)
    0x080010e8   0x080010e8   0x0000002c   Code   RO         2228    .text               c_w.l(_printf_char.o)
    0x08001114   0x08001114   0x0000002c   Code   RO         2230    .text               c_w.l(_printf_wchar.o)
    0x08001140   0x08001140   0x00000040   Code   RO         2233    .text               c_w.l(_wcrtomb.o)
    0x08001180   0x08001180   0x0000004a   Code   RO         2235    .text               c_w.l(sys_stackheap_outer.o)
    0x080011ca   0x080011ca   0x00000002   PAD
    0x080011cc   0x080011cc   0x00000010   Code   RO         2237    .text               c_w.l(rt_ctype_table.o)
    0x080011dc   0x080011dc   0x00000008   Code   RO         2242    .text               c_w.l(rt_locale_intlibspace.o)
    0x080011e4   0x080011e4   0x00000080   Code   RO         2244    .text               c_w.l(_printf_fp_infnan.o)
    0x08001264   0x08001264   0x000000e4   Code   RO         2246    .text               c_w.l(bigflt0.o)
    0x08001348   0x08001348   0x00000012   Code   RO         2274    .text               c_w.l(exit.o)
    0x0800135a   0x0800135a   0x00000002   PAD
    0x0800135c   0x0800135c   0x00000008   Code   RO         2287    .text               c_w.l(libspace.o)
    0x08001364   0x08001364   0x00000080   Code   RO         2295    .text               c_w.l(strcmpv7m.o)
    0x080013e4   0x080013e4   0x0000000c   Code   RO         2353    .text               c_w.l(sys_exit.o)
    0x080013f0   0x080013f0   0x00000002   Code   RO         2364    .text               c_w.l(use_no_semi.o)
    0x080013f2   0x080013f2   0x00000000   Code   RO         2366    .text               c_w.l(indicate_semi.o)
    0x080013f2   0x080013f2   0x0000003e   Code   RO         2249    CL$$btod_d2e        c_w.l(btod.o)
    0x08001430   0x08001430   0x00000046   Code   RO         2251    CL$$btod_d2e_denorm_low  c_w.l(btod.o)
    0x08001476   0x08001476   0x00000060   Code   RO         2250    CL$$btod_d2e_norm_op1  c_w.l(btod.o)
    0x080014d6   0x080014d6   0x00000338   Code   RO         2259    CL$$btod_div_common  c_w.l(btod.o)
    0x0800180e   0x0800180e   0x000000dc   Code   RO         2256    CL$$btod_e2e        c_w.l(btod.o)
    0x080018ea   0x080018ea   0x0000002a   Code   RO         2253    CL$$btod_ediv       c_w.l(btod.o)
    0x08001914   0x08001914   0x0000002a   Code   RO         2252    CL$$btod_emul       c_w.l(btod.o)
    0x0800193e   0x0800193e   0x00000244   Code   RO         2258    CL$$btod_mult_common  c_w.l(btod.o)
    0x08001b82   0x08001b82   0x00000012   Code   RO         1850    i.BCD2Decimal       rtc_ds3231.o
    0x08001b94   0x08001b94   0x00000002   Code   RO          215    i.BusFault_Handler  stm32f1xx_it.o
    0x08001b96   0x08001b96   0x00000002   Code   RO          216    i.DebugMon_Handler  stm32f1xx_it.o
    0x08001b98   0x08001b98   0x00000016   Code   RO         1851    i.Decimal2BCD       rtc_ds3231.o
    0x08001bae   0x08001bae   0x00000002   PAD
    0x08001bb0   0x08001bb0   0x00000024   Code   RO          806    i.HAL_Delay         stm32f1xx_hal.o
    0x08001bd4   0x08001bd4   0x000001e0   Code   RO         1116    i.HAL_GPIO_Init     stm32f1xx_hal_gpio.o
    0x08001db4   0x08001db4   0x0000000a   Code   RO         1118    i.HAL_GPIO_ReadPin  stm32f1xx_hal_gpio.o
    0x08001dbe   0x08001dbe   0x00000002   PAD
    0x08001dc0   0x08001dc0   0x0000000c   Code   RO          810    i.HAL_GetTick       stm32f1xx_hal.o
    0x08001dcc   0x08001dcc   0x00000188   Code   RO          373    i.HAL_I2C_Init      stm32f1xx_hal_i2c.o
    0x08001f54   0x08001f54   0x00000250   Code   RO          379    i.HAL_I2C_Master_Receive  stm32f1xx_hal_i2c.o
    0x080021a4   0x080021a4   0x0000012c   Code   RO          386    i.HAL_I2C_Master_Transmit  stm32f1xx_hal_i2c.o
    0x080022d0   0x080022d0   0x0000005c   Code   RO          291    i.HAL_I2C_MspInit   stm32f1xx_hal_msp.o
    0x0800232c   0x0800232c   0x00000010   Code   RO          816    i.HAL_IncTick       stm32f1xx_hal.o
    0x0800233c   0x0800233c   0x00000024   Code   RO          817    i.HAL_Init          stm32f1xx_hal.o
    0x08002360   0x08002360   0x00000040   Code   RO          818    i.HAL_InitTick      stm32f1xx_hal.o
    0x080023a0   0x080023a0   0x0000003c   Code   RO          292    i.HAL_MspInit       stm32f1xx_hal_msp.o
    0x080023dc   0x080023dc   0x00000040   Code   RO         1282    i.HAL_NVIC_SetPriority  stm32f1xx_hal_cortex.o
    0x0800241c   0x0800241c   0x00000024   Code   RO         1283    i.HAL_NVIC_SetPriorityGrouping  stm32f1xx_hal_cortex.o
    0x08002440   0x08002440   0x0000012c   Code   RO          974    i.HAL_RCC_ClockConfig  stm32f1xx_hal_rcc.o
    0x0800256c   0x0800256c   0x00000020   Code   RO          981    i.HAL_RCC_GetPCLK1Freq  stm32f1xx_hal_rcc.o
    0x0800258c   0x0800258c   0x0000004c   Code   RO          983    i.HAL_RCC_GetSysClockFreq  stm32f1xx_hal_rcc.o
    0x080025d8   0x080025d8   0x00000320   Code   RO          986    i.HAL_RCC_OscConfig  stm32f1xx_hal_rcc.o
    0x080028f8   0x080028f8   0x00000028   Code   RO         1287    i.HAL_SYSTICK_Config  stm32f1xx_hal_cortex.o
    0x08002920   0x08002920   0x00000002   Code   RO          217    i.HardFault_Handler  stm32f1xx_it.o
    0x08002922   0x08002922   0x0000002e   Code   RO          416    i.I2C_IsAcknowledgeFailed  stm32f1xx_hal_i2c.o
    0x08002950   0x08002950   0x000000ec   Code   RO          419    i.I2C_MasterRequestRead  stm32f1xx_hal_i2c.o
    0x08002a3c   0x08002a3c   0x0000009c   Code   RO          420    i.I2C_MasterRequestWrite  stm32f1xx_hal_i2c.o
    0x08002ad8   0x08002ad8   0x00000056   Code   RO          431    i.I2C_WaitOnBTFFlagUntilTimeout  stm32f1xx_hal_i2c.o
    0x08002b2e   0x08002b2e   0x00000002   PAD
    0x08002b30   0x08002b30   0x00000090   Code   RO          432    i.I2C_WaitOnFlagUntilTimeout  stm32f1xx_hal_i2c.o
    0x08002bc0   0x08002bc0   0x000000bc   Code   RO          433    i.I2C_WaitOnMasterAddressFlagUntilTimeout  stm32f1xx_hal_i2c.o
    0x08002c7c   0x08002c7c   0x00000070   Code   RO          434    i.I2C_WaitOnRXNEFlagUntilTimeout  stm32f1xx_hal_i2c.o
    0x08002cec   0x08002cec   0x00000056   Code   RO          435    i.I2C_WaitOnTXEFlagUntilTimeout  stm32f1xx_hal_i2c.o
    0x08002d42   0x08002d42   0x00000002   PAD
    0x08002d44   0x08002d44   0x0000003c   Code   RO           14    i.LCD_Handle        main.o
    0x08002d80   0x08002d80   0x00000058   Code   RO           15    i.MX_GPIO_Init      main.o
    0x08002dd8   0x08002dd8   0x00000002   Code   RO          218    i.MemManage_Handler  stm32f1xx_it.o
    0x08002dda   0x08002dda   0x00000002   Code   RO          219    i.NMI_Handler       stm32f1xx_it.o
    0x08002ddc   0x08002ddc   0x00000002   Code   RO          220    i.PendSV_Handler    stm32f1xx_it.o
    0x08002dde   0x08002dde   0x00000004   Code   RO         1852    i.RTC_Init          rtc_ds3231.o
    0x08002de2   0x08002de2   0x00000072   Code   RO         1853    i.RTC_ReadTime      rtc_ds3231.o
    0x08002e54   0x08002e54   0x00000064   Code   RO         1854    i.RTC_WriteTime     rtc_ds3231.o
    0x08002eb8   0x08002eb8   0x00000002   Code   RO          221    i.SVC_Handler       stm32f1xx_it.o
    0x08002eba   0x08002eba   0x00000004   Code   RO          222    i.SysTick_Handler   stm32f1xx_it.o
    0x08002ebe   0x08002ebe   0x0000005e   Code   RO           16    i.SystemClock_Config  main.o
    0x08002f1c   0x08002f1c   0x00000002   Code   RO         1813    i.SystemInit        system_stm32f1xx.o
    0x08002f1e   0x08002f1e   0x00000002   Code   RO          223    i.UsageFault_Handler  stm32f1xx_it.o
    0x08002f20   0x08002f20   0x00000028   Code   RO         2285    i.__ARM_fpclassify  m_ws.l(fpclassify.o)
    0x08002f48   0x08002f48   0x00000020   Code   RO         1289    i.__NVIC_SetPriority  stm32f1xx_hal_cortex.o
    0x08002f68   0x08002f68   0x0000000e   Code   RO         2161    i._is_digit         c_w.l(__printf_wp.o)
    0x08002f76   0x08002f76   0x00000002   Code   RO         2034    i.btn_press_short_callback  button.o
    0x08002f78   0x08002f78   0x00000018   Code   RO           17    i.btn_press_timeout_callback  main.o
    0x08002f90   0x08002f90   0x00000064   Code   RO           18    i.btn_pressing_callback  main.o
    0x08002ff4   0x08002ff4   0x00000002   Code   RO         2037    i.btn_release_callback  button.o
    0x08002ff6   0x08002ff6   0x00000090   Code   RO         2038    i.button_handle     button.o
    0x08003086   0x08003086   0x00000006   Code   RO         2039    i.button_init       button.o
    0x0800308c   0x0800308c   0x0000006c   Code   RO           19    i.lcd_complete      main.o
    0x080030f8   0x080030f8   0x00000066   Code   RO         1906    i.lcd_init          liquidcrystal_i2c.o
    0x0800315e   0x0800315e   0x0000003a   Code   RO         1907    i.lcd_printf        liquidcrystal_i2c.o
    0x08003198   0x08003198   0x00000040   Code   RO         1909    i.lcd_send_cmd      liquidcrystal_i2c.o
    0x080031d8   0x080031d8   0x00000048   Code   RO         1910    i.lcd_send_data     liquidcrystal_i2c.o
    0x08003220   0x08003220   0x00000020   Code   RO         1911    i.lcd_set_cursor    liquidcrystal_i2c.o
    0x08003240   0x08003240   0x00000010   Code   RO         1912    i.lcd_set_cursor_blink_off  liquidcrystal_i2c.o
    0x08003250   0x08003250   0x00000088   Code   RO           20    i.lcd_set_date      main.o
    0x080032d8   0x080032d8   0x00000088   Code   RO           21    i.lcd_set_hour      main.o
    0x08003360   0x08003360   0x00000088   Code   RO           22    i.lcd_set_minus     main.o
    0x080033e8   0x080033e8   0x00000088   Code   RO           23    i.lcd_set_month     main.o
    0x08003470   0x08003470   0x00000088   Code   RO           24    i.lcd_set_second    main.o
    0x080034f8   0x080034f8   0x0000008c   Code   RO           25    i.lcd_set_year      main.o
    0x08003584   0x08003584   0x00000070   Code   RO           26    i.lcd_state_idol    main.o
    0x080035f4   0x080035f4   0x000000cc   Code   RO           27    i.main              main.o
    0x080036c0   0x080036c0   0x0000002c   Code   RO         2272    locale$$code        c_w.l(lc_numeric_c.o)
    0x080036ec   0x080036ec   0x0000002c   Code   RO         2293    locale$$code        c_w.l(lc_ctype_c.o)
    0x08003718   0x08003718   0x00000004   Code   RO         2194    x$fpl$printf1       fz_ws.l(printf1.o)
    0x0800371c   0x0800371c   0x00000004   Code   RO         2196    x$fpl$printf2       fz_ws.l(printf2.o)
    0x08003720   0x08003720   0x00000000   Code   RO         2284    x$fpl$usenofp       fz_ws.l(usenofp.o)
    0x08003720   0x08003720   0x00000012   Data   RO          987    .constdata          stm32f1xx_hal_rcc.o
    0x08003732   0x08003732   0x00000010   Data   RO         1814    .constdata          system_stm32f1xx.o
    0x08003742   0x08003742   0x00000008   Data   RO         1815    .constdata          system_stm32f1xx.o
    0x0800374a   0x0800374a   0x00000002   PAD
    0x0800374c   0x0800374c   0x00000008   Data   RO         2120    .constdata          c_w.l(_printf_wctomb.o)
    0x08003754   0x08003754   0x00000028   Data   RO         2149    .constdata          c_w.l(_printf_hex_int_ll_ptr.o)
    0x0800377c   0x0800377c   0x00000011   Data   RO         2169    .constdata          c_w.l(__printf_flags_ss_wp.o)
    0x0800378d   0x0800378d   0x00000026   Data   RO         2224    .constdata          c_w.l(_printf_fp_hex.o)
    0x080037b3   0x080037b3   0x00000001   PAD
    0x080037b4   0x080037b4   0x00000094   Data   RO         2247    .constdata          c_w.l(bigflt0.o)
    0x08003848   0x08003848   0x00000020   Data   RO         2419    Region$$Table       anon$$obj.o
    0x08003868   0x08003868   0x0000001c   Data   RO         2271    locale$$data        c_w.l(lc_numeric_c.o)
    0x08003884   0x08003884   0x00000110   Data   RO         2292    locale$$data        c_w.l(lc_ctype_c.o)


    Execution Region RW_IRAM1 (Exec base: 0x20000000, Load base: 0x08003994, Size: 0x00000738, Max: 0x00005000, ABSOLUTE)

    Exec Addr    Load Addr    Size         Type   Attr      Idx    E Section Name        Object

    0x20000000   0x08003994   0x0000000f   Data   RW           29    .data               main.o
    0x2000000f   0x080039a3   0x00000001   PAD
    0x20000010   0x080039a4   0x0000000c   Data   RW          824    .data               stm32f1xx_hal.o
    0x2000001c   0x080039b0   0x00000004   Data   RW         1816    .data               system_stm32f1xx.o
    0x20000020        -       0x000000b4   Zero   RW           28    .bss                main.o
    0x200000d4        -       0x00000060   Zero   RW         2288    .bss                c_w.l(libspace.o)
    0x20000134   0x080039b4   0x00000004   PAD
    0x20000138        -       0x00000200   Zero   RW            2    HEAP                startup_stm32f103xb.o
    0x20000338        -       0x00000400   Zero   RW            1    STACK               startup_stm32f103xb.o


==============================================================================

Image component sizes


      Code (inc. data)   RO Data    RW Data    ZI Data      Debug   Object Name

       154          0          0          0          0       2760   button.o
       344          6          0          0          0       5324   liquidcrystal_i2c.o
      1610        450          0         15        180     402770   main.o
       258          0          0          0          0       3336   rtc_ds3231.o
        64         26        236          0       1536        784   startup_stm32f103xb.o
       164         28          0         12          0       5697   stm32f1xx_hal.o
       172         14          0          0          0      28158   stm32f1xx_hal_cortex.o
       490         34          0          0          0       2815   stm32f1xx_hal_gpio.o
      2338         54          0          0          0      12270   stm32f1xx_hal_i2c.o
       152         20          0          0          0       1472   stm32f1xx_hal_msp.o
      1208         72         18          0          0       4429   stm32f1xx_hal_rcc.o
        20          0          0          0          0       3650   stm32f1xx_it.o
         2          0         24          4          0       1043   system_stm32f1xx.o

    ----------------------------------------------------------------------
      6984        704        312         32       1716     474508   Object Totals
         0          0         32          0          0          0   (incl. Generated)
         8          0          2          1          0          0   (incl. Padding)

    ----------------------------------------------------------------------

      Code (inc. data)   RO Data    RW Data    ZI Data      Debug   Library Member Name

         8          0          0          0          0         68   __main.o
       392          4         17          0          0         92   __printf_flags_ss_wp.o
        14          0          0          0          0         68   __printf_wp.o
         0          0          0          0          0          0   __rtentry.o
        12          0          0          0          0          0   __rtentry2.o
         6          0          0          0          0          0   __rtentry4.o
        52          8          0          0          0          0   __scatter.o
        26          0          0          0          0          0   __scatter_copy.o
        28          0          0          0          0          0   __scatter_zi.o
         6          0          0          0          0          0   _printf_a.o
         6          0          0          0          0          0   _printf_c.o
        44          0          0          0          0        108   _printf_char.o
        48          6          0          0          0         96   _printf_char_common.o
        40          0          0          0          0         68   _printf_charcount.o
         6          0          0          0          0          0   _printf_d.o
       120         16          0          0          0         92   _printf_dec.o
         6          0          0          0          0          0   _printf_e.o
         6          0          0          0          0          0   _printf_f.o
      1054          0          0          0          0        216   _printf_fp_dec.o
       764          8         38          0          0        100   _printf_fp_hex.o
       128         16          0          0          0         84   _printf_fp_infnan.o
         6          0          0          0          0          0   _printf_g.o
       148          4         40          0          0        160   _printf_hex_int_ll_ptr.o
         6          0          0          0          0          0   _printf_i.o
       178          0          0          0          0         88   _printf_intcommon.o
        10          0          0          0          0          0   _printf_l.o
         6          0          0          0          0          0   _printf_lc.o
        10          0          0          0          0          0   _printf_ll.o
         6          0          0          0          0          0   _printf_lld.o
         6          0          0          0          0          0   _printf_lli.o
         6          0          0          0          0          0   _printf_llo.o
         6          0          0          0          0          0   _printf_llu.o
         6          0          0          0          0          0   _printf_llx.o
       124         16          0          0          0         92   _printf_longlong_dec.o
         6          0          0          0          0          0   _printf_ls.o
         6          0          0          0          0          0   _printf_n.o
         6          0          0          0          0          0   _printf_o.o
       112         10          0          0          0        124   _printf_oct_int_ll.o
         6          0          0          0          0          0   _printf_p.o
        78          0          0          0          0        108   _printf_pad.o
         0          0          0          0          0          0   _printf_percent.o
         4          0          0          0          0          0   _printf_percent_end.o
         6          0          0          0          0          0   _printf_s.o
        82          0          0          0          0         80   _printf_str.o
        36          0          0          0          0         84   _printf_truncate.o
         6          0          0          0          0          0   _printf_u.o
        44          0          0          0          0        108   _printf_wchar.o
       188          6          8          0          0         92   _printf_wctomb.o
         6          0          0          0          0          0   _printf_x.o
        10          0          0          0          0         68   _sputc.o
        64          0          0          0          0         92   _wcrtomb.o
       228          4        148          0          0         96   bigflt0.o
      1936        128          0          0          0        672   btod.o
        18          0          0          0          0         80   exit.o
         6          0          0          0          0        152   heapauxi.o
         0          0          0          0          0          0   indicate_semi.o
        44         10        272          0          0         76   lc_ctype_c.o
        44         10         28          0          0         76   lc_numeric_c.o
         2          0          0          0          0          0   libinit.o
        30          0          0          0          0          0   libinit2.o
         2          0          0          0          0          0   libshutdown.o
         2          0          0          0          0          0   libshutdown2.o
         8          4          0          0         96         68   libspace.o
       138          0          0          0          0         80   lludiv10.o
        16          4          0          0          0         76   rt_ctype_table.o
         8          4          0          0          0         68   rt_locale_intlibspace.o
        78          0          0          0          0         80   rt_memclr_w.o
         2          0          0          0          0          0   rtexit.o
        10          0          0          0          0          0   rtexit2.o
       128          0          0          0          0         68   strcmpv7m.o
        62          0          0          0          0         76   strlen.o
        12          4          0          0          0         68   sys_exit.o
        74          0          0          0          0         80   sys_stackheap_outer.o
         2          0          0          0          0         68   use_no_semi.o
        36          4          0          0          0         76   vsprintf.o
         4          0          0          0          0         68   printf1.o
         4          0          0          0          0         68   printf2.o
         0          0          0          0          0          0   usenofp.o
        40          0          0          0          0         68   fpclassify.o

    ----------------------------------------------------------------------
      6892        266        552          0        100       4252   Library Totals
        14          0          1          0          4          0   (incl. Padding)

    ----------------------------------------------------------------------

      Code (inc. data)   RO Data    RW Data    ZI Data      Debug   Library Name

      6830        266        551          0         96       4048   c_w.l
         8          0          0          0          0        136   fz_ws.l
        40          0          0          0          0         68   m_ws.l

    ----------------------------------------------------------------------
      6892        266        552          0        100       4252   Library Totals

    ----------------------------------------------------------------------

==============================================================================


      Code (inc. data)   RO Data    RW Data    ZI Data      Debug   

     13876        970        864         32       1816     473192   Grand Totals
     13876        970        864         32       1816     473192   ELF Image Totals
     13876        970        864         32          0          0   ROM Totals

==============================================================================

    Total RO  Size (Code + RO Data)                14740 (  14.39kB)
    Total RW  Size (RW Data + ZI Data)              1848 (   1.80kB)
    Total ROM Size (Code + RO Data + RW Data)      14772 (  14.43kB)

==============================================================================

